
*** These modified files were found in JOE when it aborted on Mon Feb  5 20:53:19 2018
*** JOE was aborted by UNIX signal 1

*** File '* Shell 3 *'

Type joehelp for editor shell commands

1218170@csl-student:~/public_html/angular-2018/angular-tour-of-heroes$ 
*** File '* Shell 2 *'

Type joehelp for editor shell commands

1218170@csl-student:~/public_html/angular-2018/angular-tour-of-heroes$ 
*** File '(Unnamed)'
/home/stud/0/1218170/public_html/angular-2018/angular-tour-of-heroes/.git/MERGE_MSG
* Startup Log *
* Shell 2 *
* Startup Log *
* Shell 3 *
* Startup Log *
* Shell 4 *

*** File '/home/stud/0/1218170/public_html/angular-2018/angular-tour-of-heroes/.git/MERGE_MSG'
Merge branch 'master' of https://fsegitlab.wlv.ac.uk/1218170/angular-tour-of-heroes
[11~

# Please enter a commit message to explain why this merge is necessary,
# especially if it merges an updated upstream into a topic branch.
#
# Lines starting with '#' will be ignored, and an empty message aborts
# the commit.

*** File '* Startup Log *'
Processing '/etc/joe/editorrc'...
Processing '/etc/joe/ftyperc'...
Finished processing /etc/joe/ftyperc
Finished processing /etc/joe/editorrc

*** These modified files were found in JOE when it aborted on Mon Feb  5 20:53:19 2018
*** JOE was aborted by UNIX signal 1

*** File '(Unnamed)'
/home/stud/0/1218170/public_html/angular-2018/angular-tour-of-heroes/.git/MERGE_MSG
* Startup Log *
* Shell 2 *

*** File '/home/stud/0/1218170/public_html/angular-2018/angular-tour-of-heroes/.git/MERGE_MSG'
Merge branch 'master' of https://fsegitlab.wlv.ac.uk/1218170/angular-tour-of-heroes
[11~

# Please enter a commit message to explain why this merge is necessary,
# especially if it merges an updated upstream into a topic branch.
#
# Lines starting with '#' will be ignored, and an empty message aborts
# the commit.

*** File '* Startup Log *'
Processing '/etc/joe/editorrc'...
Processing '/etc/joe/ftyperc'...
Finished processing /etc/joe/ftyperc
Finished processing /etc/joe/editorrc

*** These modified files were found in JOE when it aborted on Mon Feb  5 20:53:19 2018
*** JOE was aborted by UNIX signal 1

*** File '* Shell 2 *'

Type joehelp for editor shell commands

1218170@csl-student:~/public_html/angular-2018/angular-tour-of-heroes$ 
*** File '(Unnamed)'
/home/stud/0/1218170/public_html/angular-2018/angular-tour-of-heroes/.git/MERGE_MSG
* Startup Log *
* Shell 2 *
* Startup Log *
* Shell 3 *

*** File '/home/stud/0/1218170/public_html/angular-2018/angular-tour-of-heroes/.git/MERGE_MSG'
Merge branch 'master' of https://fsegitlab.wlv.ac.uk/1218170/angular-tour-of-heroes
[11~

# Please enter a commit message to explain why this merge is necessary,
# especially if it merges an updated upstream into a topic branch.
#
# Lines starting with '#' will be ignored, and an empty message aborts
# the commit.

*** File '* Startup Log *'
Processing '/etc/joe/editorrc'...
Processing '/etc/joe/ftyperc'...
Finished processing /etc/joe/ftyperc
Finished processing /etc/joe/editorrc

*** These modified files were found in JOE when it aborted on Mon Feb  5 20:53:19 2018
*** JOE was aborted by UNIX signal 1

*** File '* Build Log *'

*** File '* Startup Log *'
Processing '/etc/joe/editorrc'...
Processing '/etc/joe/ftyperc'...
Finished processing /etc/joe/ftyperc
Finished processing /etc/joe/editorrc

*** File '* Shell 4 *'
1218170@csl-student:~/public_html/angular-2018/angular-tour-of-heroes$ git pull
Username for 'https://fsegitlab.wlv.ac.uk': 1218170
Password for 'https://1218170@fsegitlab.wlv.ac.uk': 
error: Your local changes to the following files would be overwritten by merge:
	src/app/app.component.ts
Please, commit your changes or stash them before you can merge.
Aborting
1218170@csl-student:~/public_html/angular-2018/angular-tour-of-heroes$ git reset
Unstaged changes after reset:
M	src/app/app.component.ts
1218170@csl-student:~/public_html/angular-2018/angular-tour-of-heroes$ git pull
Username for 'https://fsegitlab.wlv.ac.uk': 1218170
Password for 'https://1218170@fsegitlab.wlv.ac.uk': 
error: Your local changes to the following files would be overwritten by merge:
	src/app/app.component.ts
Please, commit your changes or stash them before you can merge.
Aborting
1218170@csl-student:~/public_html/angular-2018/angular-tour-of-heroes$ git reset --hard
HEAD is now at 64b44a0 index change
1218170@csl-student:~/public_html/angular-2018/angular-tour-of-heroes$ git pull
Username for 'https://fsegitlab.wlv.ac.uk': 1218170
Password for 'https://1218170@fsegitlab.wlv.ac.uk': 
Auto-merging src/app/app.component.ts
[7m    I    ~/public_html/angular-2018/angular-tour-of-heroes/.git/MERGE_MSG                                                      Row 1    Col 84   8:42  Ctrl-K H for help
[7m    I    ~/public_html/angular-2018/angular-tour-of-heroes/.git/MERGE_MSG                                                      Row 1    Col 84   8:53  Ctrl-K H for help
Merge branch 'master' of https://fsegitlab.wlv.ac.uk/1218170/angular-tour-of-heroes

# Please enter a commit message to explain why this merge is necessary,
# especially if it merges an updated upstream into a topic branch.
#
# Lines starting with '#' will be ignored, and an empty message aborts
# the commit.

































Could not create lock. (I) edit anyway, (Q) cancel edit?                                                                                             
*** File '* Shell 3 *'
1218170@csl-student:~/public_html/angular-2018/angular-tour-of-heroes$ git pull
Username for 'https://fsegitlab.wlv.ac.uk': 1218170
Password for 'https://1218170@fsegitlab.wlv.ac.uk': 
error: Your local changes to the following files would be overwritten by merge:
	src/app/app.component.ts
Please, commit your changes or stash them before you can merge.
Aborting
1218170@csl-student:~/public_html/angular-2018/angular-tour-of-heroes$ git commit -m "still"
[master a24f7d6] still
 1 file changed, 1 insertion(+), 1 deletion(-)
1218170@csl-student:~/public_html/angular-2018/angular-tour-of-heroes$ ls -n
total 72
drwxrwxr-x   2 306544 90  4096 Feb  1 15:44 [1m[34mdist
drwxrwxr-x   2 306544 90  4096 Feb  1 15:23 [1m[34me2e
-rwxrwxr-x   1 306544 90   923 Feb  1 15:23 [1m[32mkarma.conf.js
drwxrwxr-x 949 306544 90 36864 Feb  1 15:29 [1m[34mnode_modules
-rwxrwxr-x   1 306544 90  1306 Feb  1 15:23 [1m[32mpackage.json
-rwxrwxr-x   1 306544 90   722 Feb  1 15:23 [1m[32mprotractor.conf.js
-rwxrwxr-x   1 306544 90  1035 Feb  1 15:23 [1m[32mREADME.md
drwxrwxr-x   5 306544 90  4096 Feb  1 15:23 [1m[34msrc
-rwxrwxr-x   1 306544 90   363 Feb  1 15:23 [1m[32mtsconfig.json
-rwxrwxr-x   1 306544 90  3012 Feb  1 15:23 [1m[32mtslint.json
1218170@csl-student:~/public_html/angular-2018/angular-tour-of-heroes$ cd src
1218170@csl-student:~/public_html/angular-2018/angular-tour-of-heroes/src$ cd app
1218170@csl-student:~/public_html/angular-2018/angular-tour-of-heroes/src/app$ ls -n
total 16
-rwxrwxr-x 1 306544 90    0 Feb  1 15:23 [1m[32mapp.component.css
-rwxrwxr-x 1 306544 90 1141 Feb  1 15:23 [1m[32mapp.component.html
-rwxrwxr-x 1 306544 90  986 Feb  1 15:23 [1m[32mapp.component.spec.ts
-rwx------ 1 306544 90  218 Feb  5 20:42 [1m[32mapp.component.ts
-rwxrwxr-x 1 306544 90  316 Feb  1 15:23 [1m[32mapp.module.ts
1218170@csl-student:~/public_html/angular-2018/angular-tour-of-heroes/src/app$ git push -u origin master
fatal: Not a git repository: '.git'
1218170@csl-student:~/public_html/angular-2018/angular-tour-of-heroes/src/app$ cd ../
1218170@csl-student:~/public_html/angular-2018/angular-tour-of-heroes/src$ cd ../
1218170@csl-student:~/public_html/angular-2018/angular-tour-of-heroes$ git push -u origin master
Username for 'https://fsegitlab.wlv.ac.uk': 1218170
Password for 'https://1218170@fsegitlab.wlv.ac.uk': 
To https://fsegitlab.wlv.ac.uk/1218170/angular-tour-of-heroes.git
 ! [rejected]        master -> master (non-fast-forward)
error: failed to push some refs to 'https://fsegitlab.wlv.ac.uk/1218170/angular-tour-of-heroes.git'
hint: Updates were rejected because the tip of your current branch is behind
hint: its remote counterpart. Integrate the remote changes (e.g.
hint: 'git pull ...') before pushing again.
hint: See the 'Note about fast-forwards' in 'git push --help' for details.
1218170@csl-student:~/public_html/angular-2018/angular-tour-of-heroes$ git pull
Username for 'https://fsegitlab.wlv.ac.uk': 1218170
Password for 'https://1218170@fsegitlab.wlv.ac.uk': 
[7m    I    ~/public_html/angular-2018/angular-tour-of-heroes/.git/MERGE_MSG                                                      Row 2    Col 1    8:51  Ctrl-K H for help
[7m    I    ~/public_html/angular-2018/angular-tour-of-heroes/.git/MERGE_MSG                                                      Row 2    Col 1    8:53  Ctrl-K H for help
Merge branch 'master' of https://fsegitlab.wlv.ac.uk/1218170/angular-tour-of-heroes
                                                                                                                                                     
# Please enter a commit message to explain why this merge is necessary,
# especially if it merges an updated upstream into a topic branch.
#
# Lines starting with '#' will be ignored, and an empty message aborts
# the commit.


































*** File '* Shell 2 *'

Type joehelp for editor shell commands

1218170@csl-student:~/public_html/angular-2018/angular-tour-of-heroes
[14~~~~
*** File '(Unnamed)'
/home/stud/0/1218170/public_html/angular-2018/angular-tour-of-heroes/.git/MERGE_MSG
* Startup Log *
* Shell 2 *
* Startup Log *
* Shell 3 *
* Startup Log *
* Shell 4 *
* Startup Log *
* Shell 2 *
* Startup Log *
* Shell 3 *
* Startup Log *
* Shell 3 *
/home/stud/0/1218170/public_html/angular-2018/angular-tour-of-heroes/src/
/home/stud/0/1218170/public_html/angular-2018/angular-tour-of-heroes/src/app/
/home/stud/0/1218170/public_html/angular-2018/angular-tour-of-heroes/src/
/home/stud/0/1218170/public_html/angular-2018/angular-tour-of-heroes/
* Build Log *

*** These modified files were found in JOE when it aborted on Mon Feb  5 20:53:19 2018
*** JOE was aborted because the terminal closed

*** File '(Unnamed)'
/home/stud/0/1218170/public_html/angular-2018/angular-tour-of-heroes/.git/MERGE_MSG

*** File '* Startup Log *'
Processing '/etc/joe/editorrc'...
Processing '/etc/joe/ftyperc'...
Finished processing /etc/joe/ftyperc
Finished processing /etc/joe/editorrc

*** These modified files were found in JOE when it aborted on Mon Feb  5 21:29:35 2018
*** JOE was aborted by UNIX signal 1

*** File '(Unnamed)'
/home/stud/0/1218170/public_html/angular-2018/angular-tour-of-heroes/.git/MERGE_MSG
* Startup Log *
* Shell 1 *

*** File '/home/stud/0/1218170/public_html/angular-2018/angular-tour-of-heroes/.git/MERGE_MSG'

*** File '* Startup Log *'
Processing '/etc/joe/editorrc'...
Processing '/etc/joe/ftyperc'...
Finished processing /etc/joe/ftyperc
Finished processing /etc/joe/editorrc

*** These modified files were found in JOE when it aborted on Mon Feb  5 21:29:35 2018
*** JOE was aborted by UNIX signal 1

*** File '(Unnamed)'
/home/stud/0/1218170/public_html/angular-2018/angular-tour-of-heroes/.git/MERGE_MSG
* Startup Log *
* Shell 1 *

*** File '/home/stud/0/1218170/public_html/angular-2018/angular-tour-of-heroes/.git/MERGE_MSG'

*** File '* Startup Log *'
Processing '/etc/joe/editorrc'...
Processing '/etc/joe/ftyperc'...
Finished processing /etc/joe/ftyperc
Finished processing /etc/joe/editorrc

*** These modified files were found in JOE when it aborted on Tue Feb  6 13:57:07 2018
*** JOE was aborted because the terminal closed

*** File '(Unnamed)'
/home/stud/0/1218170/public_html/angular-2018/angular-tour-of-heroes/.git/MERGE_MSG

*** File '/home/stud/0/1218170/public_html/angular-2018/angular-tour-of-heroes/.git/MERGE_MSG'


Merge branch 'master' of https://fsegitlab.wlv.ac.uk/1218170/angular-tour-of-heroes

# Please enter a commit message to explain why this merge is necessary,
# especially if it merges an updated upstream into a topic branch.
#
# Lines starting with '#' will be ignored, and an empty message aborts
# the commit.

*** File '* Startup Log *'
Processing '/etc/joe/editorrc'...
Processing '/etc/joe/ftyperc'...
Finished processing /etc/joe/ftyperc
Finished processing /etc/joe/editorrc

*** These modified files were found in JOE when it aborted on Tue Feb  6 14:18:54 2018
*** JOE was aborted because the terminal closed

*** File '(Unnamed)'
/home/stud/0/1218170/public_html/angular-2018/angular-tour-of-heroes/.git/COMMIT_EDITMSG

*** File '/home/stud/0/1218170/public_html/angular-2018/angular-tour-of-heroes/.git/COMMIT_EDITMSG'
# Please enter a commit message to explain why this merge is necessary,
# especially if it merges an updated upstream into a topic branch.
#
# Lines starting with '#' will be ignored, and an empty message aborts
# the commit.

# Please enter the commit message for your changes. Lines starting
# with '#' will be ignored, and an empty message aborts the commit.
# On branch master
# Your branch and 'origin/master' have diverged,
# and have 1 and 3 different commits each, respectively.
#   (use "git pull" to merge the remote branch into yours)
#
# Changes to be committed:
#	modified:   .angular-cli.json
#	modified:   .editorconfig
#	modified:   .gitignore
#	modified:   DEADJOE
#	modified:   README.md
#	modified:   e2e/app.e2e-spec.ts
#	modified:   e2e/app.po.ts
#	modified:   e2e/tsconfig.e2e.json
#	modified:   karma.conf.js
#	modified:   package.json
#	modified:   protractor.conf.js
#	modified:   src/app/app.component.css
#	modified:   src/app/app.component.html
#	modified:   src/app/app.component.spec.ts
#	modified:   src/app/app.component.ts
#	modified:   src/app/app.module.ts
#	modified:   src/assets/.gitkeep
#	modified:   src/environments/environment.prod.ts
#	modified:   src/environments/environment.ts
#	modified:   src/favicon.ico
#	modified:   src/index.html
#	modified:   src/main.ts
#	modified:   src/polyfills.ts
#	modified:   src/styles.css
#	modified:   src/test.ts
#	modified:   src/tsconfig.app.json
#	modified:   src/tsconfig.spec.json
#	modified:   src/typings.d.ts
#	modified:   tsconfig.json
#	modified:   tslint.json
#
i

:wq




*** File '* Startup Log *'
Processing '/etc/joe/editorrc'...
Processing '/etc/joe/ftyperc'...
Finished processing /etc/joe/ftyperc
Finished processing /etc/joe/editorrc

*** These modified files were found in JOE when it aborted on Tue Feb  6 14:20:02 2018
*** JOE was aborted because the terminal closed

*** File '(Unnamed)'
/home/stud/0/1218170/public_html/angular-2018/angular-tour-of-heroes/.git/MERGE_MSG

*** File '/home/stud/0/1218170/public_html/angular-2018/angular-tour-of-heroes/.git/MERGE_MSG'

Merge branch 'master' of https://fsegitlab.wlv.ac.uk/1218170/angular-tour-of-heroes

# Please enter a commit message to explain why this merge is necessary,
# especially if it merges an updated upstream into a topic branch.
#
# Lines starting with '#' will be ignored, and an empty message aborts
# the commit.

quit

*** File '* Startup Log *'
Processing '/etc/joe/editorrc'...
Processing '/etc/joe/ftyperc'...
Finished processing /etc/joe/ftyperc
Finished processing /etc/joe/editorrc

*** These modified files were found in JOE when it aborted on Tue Feb  6 14:24:53 2018
*** JOE was aborted because the terminal closed

*** File '* Grep Log *'
/bin/sh: 3: Syntax error: ")" unexpected
quit
git add .

*** File '(Unnamed)'
/home/stud/0/1218170/public_html/angular-2018/angular-tour-of-heroes/.git/COMMIT_EDITMSG
* Grep Log *

*** File '/home/stud/0/1218170/public_html/angular-2018/angular-tour-of-heroes/.git/COMMIT_EDITMSG'
Merge branch 'master' of https://fsegitlab.wlv.ac.uk/1218170/angular-tour-of-heroes

# Please enter a commit message to explain why this merge is necessary,
# especially if it merges an updated upstream into a topic branch.
#
# Lines starting with '#' will be ignored, and an empty message aborts
# the commit.

# Please enter the commit message for your changes. Lines starting
# with '#' will be ignored, and an empty message aborts the commit.
# On branch master
# Your branch and 'origin/master' have diverged,
# and have 1 and 3 different commits each, respectively.
#   (use "git pull" to merge the remote branch into yours)
#
# Changes to be committed:
#	modified:   .angular-cli.json
#	modified:   .editorconfig
#	modified:   .gitignore
#	modified:   DEADJOE
#	modified:   README.md
#	modified:   e2e/app.e2e-spec.ts
#	modified:   e2e/app.po.ts
#	modified:   e2e/tsconfig.e2e.json
#	modified:   karma.conf.js
#	modified:   package.json
#	modified:   protractor.conf.js
#	modified:   src/app/app.component.css
#	modified:   src/app/app.component.html
#	modified:   src/app/app.component.spec.ts
#	modified:   src/app/app.component.ts
#	modified:   src/app/app.module.ts
#	modified:   src/assets/.gitkeep
#	modified:   src/environments/environment.prod.ts
#	modified:   src/environments/environment.ts
#	modified:   src/favicon.ico
#	modified:   src/index.html
#	modified:   src/main.ts
#	modified:   src/polyfills.ts
#	modified:   src/styles.css
#	modified:   src/test.ts
#	modified:   src/tsconfig.app.json
#	modified:   src/tsconfig.spec.json
#	modified:   src/typings.d.ts
#	modified:   tsconfig.json
#	modified:   tslint.json
#
:wq

*** File '* Startup Log *'
Processing '/etc/joe/editorrc'...
Processing '/etc/joe/ftyperc'...
Finished processing /etc/joe/ftyperc
Finished processing /etc/joe/editorrc

*** These modified files were found in JOE when it aborted on Tue Feb  6 16:02:16 2018
*** JOE was aborted because the terminal closed

*** File '* Shell 2 *'

Type joehelp for editor shell commands

1218170@csl-student:~/public_html/angular-2018/angular-tour-of-heroes$ ls -n
total 88
-rw-------   1 306544 90 17472 Feb  6 14:24 DEADJOE
drwxrwxr-x   2 306544 90  4096 Feb  6 13:54 [1m[34me2e
-rw-------   1 306544 90   923 Feb  6 13:54 karma.conf.js
drwxrwxr-x 949 306544 90 36864 Feb  1 15:29 [1m[34mnode_modules
-rw-------   1 306544 90  1306 Feb  6 13:54 package.json
-rw-------   1 306544 90   722 Feb  6 13:54 protractor.conf.js
-rw-------   1 306544 90  1035 Feb  6 13:54 README.md
drwxrwxr-x   5 306544 90  4096 Feb  6 13:54 [1m[34msrc
-rw-------   1 306544 90   363 Feb  6 13:54 tsconfig.json
-rw-------   1 306544 90  3012 Feb  6 13:54 tslint.json
1218170@csl-student:~/public_html/angular-2018/angular-tour-of-heroes$ git push -u origin master
Username for 'https://fsegitlab.wlv.ac.uk': 1218170
Password for 'https://1218170@fsegitlab.wlv.ac.uk': 
To https://fsegitlab.wlv.ac.uk/1218170/angular-tour-of-heroes.git
 ! [rejected]        master -> master (fetch first)
error: failed to push some refs to 'https://fsegitlab.wlv.ac.uk/1218170/angular-tour-of-heroes.git'
hint: Updates were rejected because the remote contains work that you do
hint: not have locally. This is usually caused by another repository pushing
hint: to the same ref. You may want to first integrate the remote changes
hint: (e.g., 'git pull ...') before pushing again.
hint: See the 'Note about fast-forwards' in 'git push --help' for details.
1218170@csl-student:~/public_html/angular-2018/angular-tour-of-heroes$ git pull
error: You have not concluded your merge (MERGE_HEAD exists).
hint: Please, commit your changes before merging.
fatal: Exiting because of unfinished merge.
1218170@csl-student:~/public_html/angular-2018/angular-tour-of-heroes$ git merge --abort
1218170@csl-student:~/public_html/angular-2018/angular-tour-of-heroes$ git merge --abort
fatal: There is no merge to abort (MERGE_HEAD missing).
1218170@csl-student:~/public_html/angular-2018/angular-tour-of-heroes$ git pull
Username for 'https://fsegitlab.wlv.ac.uk': 1218170
Password for 'https://1218170@fsegitlab.wlv.ac.uk': 
remote: Counting objects: 5, done.
remote: Compressing objects: 100% (5/5), done.
remote: Total 5 (delta 4), reused 0 (delta 0)
Unpacking objects: 100% (5/5), done.
From https://fsegitlab.wlv.ac.uk/1218170/angular-tour-of-heroes
   66453d8..bd6f947  master     -> origin/master
CONFLICT (modify/delete): DEADJOE deleted in bd6f947999ff20f4bab284e82b1bc56547accbe3 and modified in HEAD. Version HEAD of DEADJOE left in tree.
Automatic merge failed; fix conflicts and then commit the result.
1218170@csl-student:~/public_html/angular-2018/angular-tour-of-heroes$ git status
On branch master
Your branch and 'origin/master' have diverged,
and have 2 and 8 different commits each, respectively.
  (use "git pull" to merge the remote branch into yours)
You have unmerged paths.
  (fix conflicts and run "git commit")

Unmerged paths:
  (use "git add/rm <file>..." as appropriate to mark resolution)

	[31mdeleted by them: DEADJOE

no changes added to commit (use "git add" and/or "git commit -a")
1218170@csl-student:~/public_html/angular-2018/angular-tour-of-heroes$ git add .
1218170@csl-student:~/public_html/angular-2018/angular-tour-of-heroes$ git status
On branch master
Your branch and 'origin/master' have diverged,
and have 2 and 8 different commits each, respectively.
  (use "git pull" to merge the remote branch into yours)
All conflicts fixed but you are still merging.
  (use "git commit" to conclude merge)

nothing to commit, working directory clean
1218170@csl-student:~/public_html/angular-2018/angular-tour-of-heroes$ node_modules/@angular/cli/bin/ng build --bh /~1218170/angular-2018/angular-tour-of-heroes/dist/
Date: [1m[37m2018-02-06T15:25:38.776Z[m                                                          
Hash: [1m[37m7cd52023aaf78c41ed02
Time: [1m[37m13837[m[1mms
chunk {[1m[33minline[m[1m} [32minline.bundle.js, inline.bundle.js.map[m[1m (inline) 5.83 kB [33m[entry][32m [rendered]
chunk {[1m[33mmain[m[1m} [32mmain.bundle.js, main.bundle.js.map[m[1m (main) 7.76 kB [33m[initial][32m [rendered]
chunk {[1m[33mpolyfills[m[1m} [32mpolyfills.bundle.js, polyfills.bundle.js.map[m[1m (polyfills) 201 kB [33m[initial][32m [rendered]
chunk {[1m[33mstyles[m[1m} [32mstyles.bundle.js, styles.bundle.js.map[m[1m (styles) 11.4 kB [33m[initial][32m [rendered]
chunk {[1m[33mvendor[m[1m} [32mvendor.bundle.js, vendor.bundle.js.map[m[1m (vendor) 2.43 MB [33m[initial][32m [rendered]
1218170@csl-student:~/public_html/angular-2018/angular-tour-of-heroes$ cd ../
1218170@csl-student:~/public_html/angular-2018$ cd ../
1218170@csl-student:~/public_html$ cd ../
1218170@csl-student:~$ chmod 775 -R public_html
1218170@csl-student:~$ node_modules/@angular/cli/bin/ng build --bh /~1218170/angular-2018/angular-tour-of-heroes/dist/
bash: node_modules/@angular/cli/bin/ng: No such file or directory
1218170@csl-student:~$ cd public_html
1218170@csl-student:~/public_html$ cd angular-2018
1218170@csl-student:~/public_html/angular-2018$ cd angular-tour-of-heroes
1218170@csl-student:~/public_html/angular-2018/angular-tour-of-heroes$ node_modules/@angular/cli/bin/ng build --bh /~1218170/angular-2018/angular-tour-of-heroes/dist/
Date: [1m[37m2018-02-06T15:36:03.962Z[m                                                          
Hash: [1m[37m7cd52023aaf78c41ed02
Time: [1m[37m15883[m[1mms
chunk {[1m[33minline[m[1m} [32minline.bundle.js, inline.bundle.js.map[m[1m (inline) 5.83 kB [33m[entry][32m [rendered]
chunk {[1m[33mmain[m[1m} [32mmain.bundle.js, main.bundle.js.map[m[1m (main) 7.76 kB [33m[initial][32m [rendered]
chunk {[1m[33mpolyfills[m[1m} [32mpolyfills.bundle.js, polyfills.bundle.js.map[m[1m (polyfills) 201 kB [33m[initial][32m [rendered]
chunk {[1m[33mstyles[m[1m} [32mstyles.bundle.js, styles.bundle.js.map[m[1m (styles) 11.4 kB [33m[initial][32m [rendered]
chunk {[1m[33mvendor[m[1m} [32mvendor.bundle.js, vendor.bundle.js.map[m[1m (vendor) 2.43 MB [33m[initial][32m [rendered]
1218170@csl-student:~/public_html/angular-2018/angular-tour-of-heroes$ cd public_html
bash: cd: public_html: No such file or directory
1218170@csl-student:~/public_html/angular-2018/angular-tour-of-heroes$ cd ../
1218170@csl-student:~/public_html/angular-2018$ cd ../
1218170@csl-student:~/public_html$ cd ../
1218170@csl-student:~$ chmod 775 -R public_html
1218170@csl-student:~$ 
*** File '* Shell 4 *'

Type joehelp for editor shell commands

1218170@csl-student:~/public_html/angular-2018/angular-tour-of-heroes$ git staus
git: 'staus' is not a git command. See 'git --help'.

Did you mean this?
	status
1218170@csl-student:~/public_html/angular-2018/angular-tour-of-heroes$ git status
On branch master
Your branch and 'origin/master' have diverged,
and have 2 and 7 different commits each, respectively.
  (use "git pull" to merge the remote branch into yours)
All conflicts fixed but you are still merging.
  (use "git commit" to conclude merge)

nothing to commit, working directory clean
1218170@csl-student:~/public_html/angular-2018/angular-tour-of-heroes$ git commit
[7m    I    ~/public_html/angular-2018/angular-tour-of-heroes/.git/COMMIT_EDITMSG (git-commit)                                     Row 1    Col 1    4:02  Ctrl-K H for help
Merge branch 'master' of https://fsegitlab.wlv.ac.uk/1218170/angular-tour-of-heroes

[32m# Conflicts:
[32m#       src/app/app.component.ts
[32m#
[32m# It looks like you may be committing a merge.
[32m# If this is not correct, please remove the file
[32m#       .git/MERGE_HEAD
[32m# and try again.


[32m# Please enter the commit message for your changes. Lines starting
[32m# with '#' will be ignored, and an empty message aborts the commit.
[32m# On branch master
[32m# Your branch and 'origin/master' have diverged,
[32m# and have 2 and 7 different commits each, respectively.
[32m#   (use "git pull" to merge the remote branch into yours)
[32m#
[32m# All conflicts fixed but you are still merging.
[32m#













Could not create lock. (I) edit anyway, (Q) cancel edit?                      [7m                                                                        
*** File '* Shell 3 *'

Type joehelp for editor shell commands

1218170@csl-student:~/public_html/angular-2018/angular-tour-of-heroes$ git pull
error: You have not concluded your merge (MERGE_HEAD exists).
hint: Please, commit your changes before merging.
fatal: Exiting because of unfinished merge.
1218170@csl-student:~/public_html/angular-2018/angular-tour-of-heroes$ ls -n
total 88
-rw-------   1 306544 90 17472 Feb  6 14:24 DEADJOE
drwxrwxr-x   2 306544 90  4096 Feb  6 13:54 [1m[34me2e
-rw-------   1 306544 90   923 Feb  6 13:54 karma.conf.js
drwxrwxr-x 949 306544 90 36864 Feb  1 15:29 [1m[34mnode_modules
-rw-------   1 306544 90  1306 Feb  6 13:54 package.json
-rw-------   1 306544 90   722 Feb  6 13:54 protractor.conf.js
-rw-------   1 306544 90  1035 Feb  6 13:54 README.md
drwxrwxr-x   5 306544 90  4096 Feb  6 13:54 [1m[34msrc
-rw-------   1 306544 90   363 Feb  6 13:54 tsconfig.json
-rw-------   1 306544 90  3012 Feb  6 13:54 tslint.json
1218170@csl-student:~/public_html/angular-2018/angular-tour-of-heroes$ git pull --rebase origin master
error: You have not concluded your merge (MERGE_HEAD exists).
hint: Please, commit your changes before merging.
fatal: Exiting because of unfinished merge.
1218170@csl-student:~/public_html/angular-2018/angular-tour-of-heroes$ dit status
No command 'dit' found, but there are 24 similar ones
dit: command not found
1218170@csl-student:~/public_html/angular-2018/angular-tour-of-heroes$ git status
On branch master
Your branch and 'origin/master' have diverged,
and have 2 and 4 different commits each, respectively.
  (use "git pull" to merge the remote branch into yours)
All conflicts fixed but you are still merging.
  (use "git commit" to conclude merge)

nothing to commit, working directory clean
1218170@csl-student:~/public_html/angular-2018/angular-tour-of-heroes$ git mergetool

This message is displayed because 'merge.tool' is not configured.
See 'git mergetool --tool-help' or 'git help config' for more details.
'git mergetool' will now attempt to use one of the following tools:
tortoisemerge emerge vimdiff
No files need merging
1218170@csl-student:~/public_html/angular-2018/angular-tour-of-heroes$ git revert -m
error: switch `m' requires a value
usage: git revert [<options>] <commit-ish>...
   or: git revert <subcommand>

    --quit                end revert or cherry-pick sequence
    --continue            resume revert or cherry-pick sequence
    --abort               cancel revert or cherry-pick sequence
    -n, --no-commit       don't automatically commit
    -e, --edit            edit the commit message
    -s, --signoff         add Signed-off-by:
    -m, --mainline <n>    parent number
    --rerere-autoupdate   update the index with reused conflict resolution if possible
    --strategy <strategy>
                          merge strategy
    -X, --strategy-option <option>
                          option for merge strategy
    -S, --gpg-sign[=<key-id>]
                          GPG sign commit

1218170@csl-student:~/public_html/angular-2018/angular-tour-of-heroes$ git revert -m --abort
error: switch `m' expects a numerical value
usage: git revert [<options>] <commit-ish>...
   or: git revert <subcommand>

    --quit                end revert or cherry-pick sequence
    --continue            resume revert or cherry-pick sequence
    --abort               cancel revert or cherry-pick sequence
    -n, --no-commit       don't automatically commit
    -e, --edit            edit the commit message
    -s, --signoff         add Signed-off-by:
    -m, --mainline <n>    parent number
    --rerere-autoupdate   update the index with reused conflict resolution if possible
    --strategy <strategy>
                          merge strategy
    -X, --strategy-option <option>
                          option for merge strategy
    -S, --gpg-sign[=<key-id>]
                          GPG sign commit

1218170@csl-student:~/public_html/angular-2018/angular-tour-of-heroes$ git revert -m 1
usage: git revert [<options>] <commit-ish>...
   or: git revert <subcommand>

    --quit                end revert or cherry-pick sequence
    --continue            resume revert or cherry-pick sequence
    --abort               cancel revert or cherry-pick sequence
    -n, --no-commit       don't automatically commit
    -e, --edit            edit the commit message
    -s, --signoff         add Signed-off-by:
    -m, --mainline <n>    parent number
    --rerere-autoupdate   update the index with reused conflict resolution if possible
    --strategy <strategy>
                          merge strategy
    -X, --strategy-option <option>
                          option for merge strategy
    -S, --gpg-sign[=<key-id>]
                          GPG sign commit

1218170@csl-student:~/public_html/angular-2018/angular-tour-of-heroes$ git revert -m
error: switch `m' requires a value
usage: git revert [<options>] <commit-ish>...
   or: git revert <subcommand>

    --quit                end revert or cherry-pick sequence
    --continue            resume revert or cherry-pick sequence
    --abort               cancel revert or cherry-pick sequence
    -n, --no-commit       don't automatically commit
    -e, --edit            edit the commit message
    -s, --signoff         add Signed-off-by:
    -m, --mainline <n>    parent number
    --rerere-autoupdate   update the index with reused conflict resolution if possible
    --strategy <strategy>
                          merge strategy
    -X, --strategy-option <option>
                          option for merge strategy
    -S, --gpg-sign[=<key-id>]
                          GPG sign commit

1218170@csl-student:~/public_html/angular-2018/angular-tour-of-heroes$ git reset --hard origin
fatal: ambiguous argument 'origin': unknown revision or path not in the working tree.
Use '--' to separate paths from revisions, like this:
'git <command> [<revision>...] -- [<file>...]'
1218170@csl-student:~/public_html/angular-2018/angular-tour-of-heroes$ git fetch origin
Username for 'https://fsegitlab.wlv.ac.uk': 1218170
Password for 'https://1218170@fsegitlab.wlv.ac.uk': 
remote: Counting objects: 15, done.
remote: Compressing objects: 100% (15/15), done.
remote: Total 15 (delta 11), reused 0 (delta 0)
Unpacking objects: 100% (15/15), done.
From https://fsegitlab.wlv.ac.uk/1218170/angular-tour-of-heroes
   e927748..66453d8  master     -> origin/master
1218170@csl-student:~/public_html/angular-2018/angular-tour-of-heroes$ ls -n
total 88
-rw-------   1 306544 90 17472 Feb  6 14:24 DEADJOE
drwxrwxr-x   2 306544 90  4096 Feb  6 13:54 [1m[34me2e
-rw-------   1 306544 90   923 Feb  6 13:54 karma.conf.js
drwxrwxr-x 949 306544 90 36864 Feb  1 15:29 [1m[34mnode_modules
-rw-------   1 306544 90  1306 Feb  6 13:54 package.json
-rw-------   1 306544 90   722 Feb  6 13:54 protractor.conf.js
-rw-------   1 306544 90  1035 Feb  6 13:54 README.md
drwxrwxr-x   5 306544 90  4096 Feb  6 13:54 [1m[34msrc
-rw-------   1 306544 90   363 Feb  6 13:54 tsconfig.json
-rw-------   1 306544 90  3012 Feb  6 13:54 tslint.json
1218170@csl-student:~/public_html/angular-2018/angular-tour-of-heroes$ git add .
1218170@csl-student:~/public_html/angular-2018/angular-tour-of-heroes$ git commit
[7m    I    ~/public_html/angular-2018/angular-tour-of-heroes/.git/COMMIT_EDITMSG (Modified)(git-commit)                           Row 3    Col 1    4:02  Ctrl-K H for help


Merge branch 'master' of https://fsegitlab.wlv.ac.uk/1218170/angular-tour-of-heroes
[32m
[32m# Conflicts:
[32m#       src/app/app.component.ts
[32m#
[32m# It looks like you may be committing a merge.
[32m# If this is not correct, please remove the file
[32m#       .git/MERGE_HEAD
[32m# and try again.

[32m
[32m# Please enter the commit message for your changes. Lines starting
[32m# with '#' will be ignored, and an empty message aborts the commit.
[32m# On branch master
[32m# Your branch and 'origin/master' have diverged,
[32m# and have 2 and 7 different commits each, respectively.
[32m#   (use "git pull" to merge the remote branch into yours)
[32m#
[32m# All conflicts fixed but you are still merging.
[32m#












*** File '* Shell 1 *'

Type joehelp for editor shell commands

1218170@csl-student:~/public_html/angular-2018/angular-tour-of-heroes$ git add .
1218170@csl-student:~/public_html/angular-2018/angular-tour-of-heroes$ git commit 
[7m    I    ~/public_html/angular-2018/angular-tour-of-heroes/.g  Row 1    Col 1    4:02  Ctrl-K H for help
Merge branch 'master' of https://fsegitlab.wlv.ac.uk/1218170/angular-tour-of-heroes

[32m# Conflicts:
[32m#       src/app/app.component.ts
[32m#
[32m# It looks like you may be committing a merge.
[32m# If this is not correct, please remove the file
[32m#       .git/MERGE_HEAD
[32m# and try again.


[32m# Please enter the commit message for your changes. Lines starting
[32m# with '#' will be ignored, and an empty message aborts the commit.
[32m# On branch master
[32m# Your branch and 'origin/master' have diverged,
[32m# and have 2 and 4 different commits each, respectively.
[32m#   (use "git pull" to merge the remote branch into yours)
[32m#
[32m# All conflicts fixed but you are still merging.
[32m#













Could not create lock. (I) edit anyway, (Q) cancel edit?                      [7m       
*** File '(Unnamed)'
/home/stud/0/1218170/public_html/angular-2018/angular-tour-of-heroes/.git/COMMIT_EDITMSG
* Startup Log *
* Shell 1 *
* Startup Log *
* Shell 1 *
* Startup Log *
* Shell 3 *
* Startup Log *
* Shell 3 *
* Startup Log *
* Shell 3 *
* Startup Log *
* Shell 3 *
* Startup Log *
* Shell 3 *
* Startup Log *
* Shell 3 *
* Startup Log *
* Shell 3 *
* Startup Log *
* Shell 3 *
* Startup Log *
* Shell 3 *
* Startup Log *
* Shell 4 *
* Startup Log *
* Shell 4 *
* Startup Log *
* Shell 4 *
* Startup Log *
* Shell 3 *
* Startup Log *
* Shell 4 *
* Startup Log *
* Shell 3 *
* Startup Log *
* Shell 4 *
* Startup Log *
* Shell 4 *
* Startup Log *
* Shell 3 *
* Startup Log *
* Shell 3 *
* Startup Log *
* Shell 4 *
* Startup Log *
* Shell 4 *
* Startup Log *
* Shell 4 *
* Startup Log *
* Shell 4 *
* Startup Log *
* Shell 3 *
* Startup Log *
* Shell 2 *
* Startup Log *
* Shell 4 *
* Startup Log *
* Shell 2 *
/home/stud/0/1218170/public_html/angular-2018/
/home/stud/0/1218170/public_html/
/home/stud/0/1218170/
/home/stud/0/1218170/public_html/
/home/stud/0/1218170/public_html/angular-2018/
/home/stud/0/1218170/public_html/angular-2018/angular-tour-of-heroes/
/home/stud/0/1218170/public_html/angular-2018/angular-tour-of-heroes/
/home/stud/0/1218170/public_html/angular-2018/
/home/stud/0/1218170/public_html/
/home/stud/0/1218170/

*** File '/home/stud/0/1218170/public_html/angular-2018/angular-tour-of-heroes/.git/COMMIT_EDITMSG'
Merge branch 'master' of https://fsegitlab.wlv.ac.uk/1218170/angular-tour-of-heroes


# Conflicts:
#	src/app/app.component.ts
#
# It looks like you may be committing a merge.
# If this is not correct, please remove the file
#	.git/MERGE_HEAD
# and try again.


# Please enter the commit message for your changes. Lines starting
# with '#' will be ignored, and an empty message aborts the commit.
# On branch master
# Your branch and 'origin/master' have diverged,
# and have 2 and 4 different commits each, respectively.
#   (use "git pull" to merge the remote branch into yours)
#
# All conflicts fixed but you are still mergE




*** File '* Startup Log *'
Processing '/etc/joe/editorrc'...
Processing '/etc/joe/ftyperc'...
Finished processing /etc/joe/ftyperc
Finished processing /etc/joe/editorrc

*** These modified files were found in JOE when it aborted on Tue Feb  6 16:02:16 2018
*** JOE was aborted by UNIX signal 1

*** File '(Unnamed)'
/home/stud/0/1218170/public_html/angular-2018/angular-tour-of-heroes/.git/COMMIT_EDITMSG
* Startup Log *
* Shell 1 *

*** File '/home/stud/0/1218170/public_html/angular-2018/angular-tour-of-heroes/.git/COMMIT_EDITMSG'
Merge branch 'master' of https://fsegitlab.wlv.ac.uk/1218170/angular-tour-of-heroes


# Conflicts:
#	src/app/app.component.ts
#
# It looks like you may be committing a merge.
# If this is not correct, please remove the file
#	.git/MERGE_HEAD
# and try again.


# Please enter the commit message for your changes. Lines starting
# with '#' will be ignored, and an empty message aborts the commit.
# On branch master
# Your branch and 'origin/master' have diverged,
# and have 2 and 4 different commits each, respectively.
#   (use "git pull" to merge the remote branch into yours)
#
# All conflicts fixed but you are still mergE




*** File '* Startup Log *'
Processing '/etc/joe/editorrc'...
Processing '/etc/joe/ftyperc'...
Finished processing /etc/joe/ftyperc
Finished processing /etc/joe/editorrc

*** These modified files were found in JOE when it aborted on Tue Feb  6 16:02:16 2018
*** JOE was aborted by UNIX signal 1

*** File '* Shell 3 *'

Type joehelp for editor shell commands

1218170@csl-student:~/public_html/angular-2018/angular-tour-of-heroes$ git pull
error: You have not concluded your merge (MERGE_HEAD exists).
hint: Please, commit your changes before merging.
fatal: Exiting because of unfinished merge.
1218170@csl-student:~/public_html/angular-2018/angular-tour-of-heroes$ ls -n
total 88
-rw-------   1 306544 90 17472 Feb  6 14:24 DEADJOE
drwxrwxr-x   2 306544 90  4096 Feb  6 13:54 [1m[34me2e
-rw-------   1 306544 90   923 Feb  6 13:54 karma.conf.js
drwxrwxr-x 949 306544 90 36864 Feb  1 15:29 [1m[34mnode_modules
-rw-------   1 306544 90  1306 Feb  6 13:54 package.json
-rw-------   1 306544 90   722 Feb  6 13:54 protractor.conf.js
-rw-------   1 306544 90  1035 Feb  6 13:54 README.md
drwxrwxr-x   5 306544 90  4096 Feb  6 13:54 [1m[34msrc
-rw-------   1 306544 90   363 Feb  6 13:54 tsconfig.json
-rw-------   1 306544 90  3012 Feb  6 13:54 tslint.json
1218170@csl-student:~/public_html/angular-2018/angular-tour-of-heroes$ git pull --rebase origin master
error: You have not concluded your merge (MERGE_HEAD exists).
hint: Please, commit your changes before merging.
fatal: Exiting because of unfinished merge.
1218170@csl-student:~/public_html/angular-2018/angular-tour-of-heroes$ dit status
No command 'dit' found, but there are 24 similar ones
dit: command not found
1218170@csl-student:~/public_html/angular-2018/angular-tour-of-heroes$ git status
On branch master
Your branch and 'origin/master' have diverged,
and have 2 and 4 different commits each, respectively.
  (use "git pull" to merge the remote branch into yours)
All conflicts fixed but you are still merging.
  (use "git commit" to conclude merge)

nothing to commit, working directory clean
1218170@csl-student:~/public_html/angular-2018/angular-tour-of-heroes$ git mergetool

This message is displayed because 'merge.tool' is not configured.
See 'git mergetool --tool-help' or 'git help config' for more details.
'git mergetool' will now attempt to use one of the following tools:
tortoisemerge emerge vimdiff
No files need merging
1218170@csl-student:~/public_html/angular-2018/angular-tour-of-heroes$ git revert -m
error: switch `m' requires a value
usage: git revert [<options>] <commit-ish>...
   or: git revert <subcommand>

    --quit                end revert or cherry-pick sequence
    --continue            resume revert or cherry-pick sequence
    --abort               cancel revert or cherry-pick sequence
    -n, --no-commit       don't automatically commit
    -e, --edit            edit the commit message
    -s, --signoff         add Signed-off-by:
    -m, --mainline <n>    parent number
    --rerere-autoupdate   update the index with reused conflict resolution if possible
    --strategy <strategy>
                          merge strategy
    -X, --strategy-option <option>
                          option for merge strategy
    -S, --gpg-sign[=<key-id>]
                          GPG sign commit

1218170@csl-student:~/public_html/angular-2018/angular-tour-of-heroes$ git revert -m --abort
error: switch `m' expects a numerical value
usage: git revert [<options>] <commit-ish>...
   or: git revert <subcommand>

    --quit                end revert or cherry-pick sequence
    --continue            resume revert or cherry-pick sequence
    --abort               cancel revert or cherry-pick sequence
    -n, --no-commit       don't automatically commit
    -e, --edit            edit the commit message
    -s, --signoff         add Signed-off-by:
    -m, --mainline <n>    parent number
    --rerere-autoupdate   update the index with reused conflict resolution if possible
    --strategy <strategy>
                          merge strategy
    -X, --strategy-option <option>
                          option for merge strategy
    -S, --gpg-sign[=<key-id>]
                          GPG sign commit

1218170@csl-student:~/public_html/angular-2018/angular-tour-of-heroes$ git revert -m 1
usage: git revert [<options>] <commit-ish>...
   or: git revert <subcommand>

    --quit                end revert or cherry-pick sequence
    --continue            resume revert or cherry-pick sequence
    --abort               cancel revert or cherry-pick sequence
    -n, --no-commit       don't automatically commit
    -e, --edit            edit the commit message
    -s, --signoff         add Signed-off-by:
    -m, --mainline <n>    parent number
    --rerere-autoupdate   update the index with reused conflict resolution if possible
    --strategy <strategy>
                          merge strategy
    -X, --strategy-option <option>
                          option for merge strategy
    -S, --gpg-sign[=<key-id>]
                          GPG sign commit

1218170@csl-student:~/public_html/angular-2018/angular-tour-of-heroes$ git revert -m
error: switch `m' requires a value
usage: git revert [<options>] <commit-ish>...
   or: git revert <subcommand>

    --quit                end revert or cherry-pick sequence
    --continue            resume revert or cherry-pick sequence
    --abort               cancel revert or cherry-pick sequence
    -n, --no-commit       don't automatically commit
    -e, --edit            edit the commit message
    -s, --signoff         add Signed-off-by:
    -m, --mainline <n>    parent number
    --rerere-autoupdate   update the index with reused conflict resolution if possible
    --strategy <strategy>
                          merge strategy
    -X, --strategy-option <option>
                          option for merge strategy
    -S, --gpg-sign[=<key-id>]
                          GPG sign commit

1218170@csl-student:~/public_html/angular-2018/angular-tour-of-heroes$ git reset --hard origin
fatal: ambiguous argument 'origin': unknown revision or path not in the working tree.
Use '--' to separate paths from revisions, like this:
'git <command> [<revision>...] -- [<file>...]'
1218170@csl-student:~/public_html/angular-2018/angular-tour-of-heroes$ git fetch origin
Username for 'https://fsegitlab.wlv.ac.uk': 1218170
Password for 'https://1218170@fsegitlab.wlv.ac.uk': 
remote: Counting objects: 15, done.
remote: Compressing objects: 100% (15/15), done.
remote: Total 15 (delta 11), reused 0 (delta 0)
Unpacking objects: 100% (15/15), done.
From https://fsegitlab.wlv.ac.uk/1218170/angular-tour-of-heroes
   e927748..66453d8  master     -> origin/master
1218170@csl-student:~/public_html/angular-2018/angular-tour-of-heroes$ ls -n
total 88
-rw-------   1 306544 90 17472 Feb  6 14:24 DEADJOE
drwxrwxr-x   2 306544 90  4096 Feb  6 13:54 [1m[34me2e
-rw-------   1 306544 90   923 Feb  6 13:54 karma.conf.js
drwxrwxr-x 949 306544 90 36864 Feb  1 15:29 [1m[34mnode_modules
-rw-------   1 306544 90  1306 Feb  6 13:54 package.json
-rw-------   1 306544 90   722 Feb  6 13:54 protractor.conf.js
-rw-------   1 306544 90  1035 Feb  6 13:54 README.md
drwxrwxr-x   5 306544 90  4096 Feb  6 13:54 [1m[34msrc
-rw-------   1 306544 90   363 Feb  6 13:54 tsconfig.json
-rw-------   1 306544 90  3012 Feb  6 13:54 tslint.json
1218170@csl-student:~/public_html/angular-2018/angular-tour-of-heroes$ git add .
1218170@csl-student:~/public_html/angular-2018/angular-tour-of-heroes$ git commit
[7m    I    ~/public_html/angular-2018/angular-tour-of-heroes/.git/COMMIT_EDITMSG (Modified)(git-commit)                           Row 2    Col 1    3:17  Ctrl-K H for help

Merge branch 'master' of https://fsegitlab.wlv.ac.uk/1218170/angular-tour-of-heroes
[32m
[32m# Conflicts:
[32m#       src/app/app.component.ts
[32m#
[32m# It looks like you may be committing a merge.
[32m# If this is not correct, please remove the file
[32m#       .git/MERGE_HEAD
[32m# and try again.

[32m
[32m# Please enter the commit message for your changes. Lines starting
[32m# with '#' will be ignored, and an empty message aborts the commit.
[32m# On branch master
[32m# Your branch and 'origin/master' have diverged,
[32m# and have 2 and 7 different commits each, respectively.
[32m#   (use "git pull" to merge the remote branch into yours)
[32m#
[32m# All conflicts fixed but you are still merging.
[32m#













*** File '* Shell 1 *'

Type joehelp for editor shell commands

1218170@csl-student:~/public_html/angular-2018/angular-tour-of-heroes$ git add .
1218170@csl-student:~/public_html/angular-2018/angular-tour-of-heroes$ git commit 
[7m    I    ~/public_html/angular-2018/angular-tour-of-heroes/.g  Row 1    Col 1    3:17  Ctrl-K H for help
Merge branch 'master' of https://fsegitlab.wlv.ac.uk/1218170/angular-tour-of-heroes

[32m# Conflicts:
[32m#       src/app/app.component.ts
[32m#
[32m# It looks like you may be committing a merge.
[32m# If this is not correct, please remove the file
[32m#       .git/MERGE_HEAD
[32m# and try again.


[32m# Please enter the commit message for your changes. Lines starting
[32m# with '#' will be ignored, and an empty message aborts the commit.
[32m# On branch master
[32m# Your branch and 'origin/master' have diverged,
[32m# and have 2 and 4 different commits each, respectively.
[32m#   (use "git pull" to merge the remote branch into yours)
[32m#
[32m# All conflicts fixed but you are still merging.
[32m#













Could not create lock. (I) edit anyway, (Q) cancel edit?                      [7m       
*** File '(Unnamed)'
/home/stud/0/1218170/public_html/angular-2018/angular-tour-of-heroes/.git/COMMIT_EDITMSG
* Startup Log *
* Shell 1 *
* Startup Log *
* Shell 1 *
* Startup Log *
* Shell 3 *
* Startup Log *
* Shell 3 *
* Startup Log *
* Shell 3 *
* Startup Log *
* Shell 3 *
* Startup Log *
* Shell 3 *
* Startup Log *
* Shell 3 *
* Startup Log *
* Shell 3 *
* Startup Log *
* Shell 3 *
* Startup Log *
* Shell 3 *
* Startup Log *
* Shell 4 *

*** File '/home/stud/0/1218170/public_html/angular-2018/angular-tour-of-heroes/.git/COMMIT_EDITMSG'
Merge branch 'master' of https://fsegitlab.wlv.ac.uk/1218170/angular-tour-of-heroes


# Conflicts:
#	src/app/app.component.ts
#
# It looks like you may be committing a merge.
# If this is not correct, please remove the file
#	.git/MERGE_HEAD
# and try again.


# Please enter the commit message for your changes. Lines starting
# with '#' will be ignored, and an empty message aborts the commit.
# On branch master
# Your branch and 'origin/master' have diverged,
# and have 2 and 4 different commits each, respectively.
#   (use "git pull" to merge the remote branch into yours)
#
# All conflicts fixed but you are still mergE




*** File '* Startup Log *'
Processing '/etc/joe/editorrc'...
Processing '/etc/joe/ftyperc'...
Finished processing /etc/joe/ftyperc
Finished processing /etc/joe/editorrc

*** These modified files were found in JOE when it aborted on Tue Feb  6 16:02:16 2018
*** JOE was aborted by UNIX signal 1

*** File '(Unnamed)'
/home/stud/0/1218170/public_html/angular-2018/angular-tour-of-heroes/.git/COMMIT_EDITMSG
* Startup Log *
* Shell 1 *

*** File '/home/stud/0/1218170/public_html/angular-2018/angular-tour-of-heroes/.git/COMMIT_EDITMSG'
Merge branch 'master' of https://fsegitlab.wlv.ac.uk/1218170/angular-tour-of-heroes


# Conflicts:
#	src/app/app.component.ts
#
# It looks like you may be committing a merge.
# If this is not correct, please remove the file
#	.git/MERGE_HEAD
# and try again.


# Please enter the commit message for your changes. Lines starting
# with '#' will be ignored, and an empty message aborts the commit.
# On branch master
# Your branch and 'origin/master' have diverged,
# and have 2 and 4 different commits each, respectively.
#   (use "git pull" to merge the remote branch into yours)
#
# All conflicts fixed but you are still mergE




*** File '* Startup Log *'
Processing '/etc/joe/editorrc'...
Processing '/etc/joe/ftyperc'...
Finished processing /etc/joe/ftyperc
Finished processing /etc/joe/editorrc

*** These modified files were found in JOE when it aborted on Tue Feb  6 16:02:16 2018
*** JOE was aborted by UNIX signal 1

*** File '* Shell 1 *'

Type joehelp for editor shell commands

1218170@csl-student:~/public_html/angular-2018/angular-tour-of-heroes$ git add .
1218170@csl-student:~/public_html/angular-2018/angular-tour-of-heroes$ git commit 
[7m    I    ~/public_html/angular-2018/angular-tour-of-heroes/.g  Row 1    Col 1    2:44  Ctrl-K H for help
Merge branch 'master' of https://fsegitlab.wlv.ac.uk/1218170/angular-tour-of-heroes

[32m# Conflicts:
[32m#       src/app/app.component.ts
[32m#
[32m# It looks like you may be committing a merge.
[32m# If this is not correct, please remove the file
[32m#       .git/MERGE_HEAD
[32m# and try again.


[32m# Please enter the commit message for your changes. Lines starting
[32m# with '#' will be ignored, and an empty message aborts the commit.
[32m# On branch master
[32m# Your branch and 'origin/master' have diverged,
[32m# and have 2 and 4 different commits each, respectively.
[32m#   (use "git pull" to merge the remote branch into yours)
[32m#
[32m# All conflicts fixed but you are still merging.
[32m#













Could not create lock. (I) edit anyway, (Q) cancel edit?                      [7m
*** File '(Unnamed)'
/home/stud/0/1218170/public_html/angular-2018/angular-tour-of-heroes/.git/COMMIT_EDITMSG
* Startup Log *
* Shell 1 *
* Startup Log *
* Shell 1 *
* Startup Log *
* Shell 3 *

*** File '/home/stud/0/1218170/public_html/angular-2018/angular-tour-of-heroes/.git/COMMIT_EDITMSG'
Merge branch 'master' of https://fsegitlab.wlv.ac.uk/1218170/angular-tour-of-heroes


# Conflicts:
#	src/app/app.component.ts
#
# It looks like you may be committing a merge.
# If this is not correct, please remove the file
#	.git/MERGE_HEAD
# and try again.


# Please enter the commit message for your changes. Lines starting
# with '#' will be ignored, and an empty message aborts the commit.
# On branch master
# Your branch and 'origin/master' have diverged,
# and have 2 and 4 different commits each, respectively.
#   (use "git pull" to merge the remote branch into yours)
#
# All conflicts fixed but you are still mergE




*** File '* Startup Log *'
Processing '/etc/joe/editorrc'...
Processing '/etc/joe/ftyperc'...
Finished processing /etc/joe/ftyperc
Finished processing /etc/joe/editorrc

*** These modified files were found in JOE when it aborted on Tue Feb  6 16:02:16 2018
*** JOE was aborted by UNIX signal 1

*** File '* Shell 4 *'

Type joehelp for editor shell commands

1218170@csl-student:~/public_html/angular-2018/angular-tour-of-heroes$ git staus
git: 'staus' is not a git command. See 'git --help'.

Did you mean this?
	status
1218170@csl-student:~/public_html/angular-2018/angular-tour-of-heroes$ git status
On branch master
Your branch and 'origin/master' have diverged,
and have 2 and 7 different commits each, respectively.
  (use "git pull" to merge the remote branch into yours)
All conflicts fixed but you are still merging.
  (use "git commit" to conclude merge)

nothing to commit, working directory clean
1218170@csl-student:~/public_html/angular-2018/angular-tour-of-heroes$ git commit
[7m    I    ~/public_html/angular-2018/angular-tour-of-heroes/.git/COMMIT_EDITMSG (git-commit)                                     Row 1    Col 1    3:18  Ctrl-K H for help
Merge branch 'master' of https://fsegitlab.wlv.ac.uk/1218170/angular-tour-of-heroes

[32m# Conflicts:
[32m#       src/app/app.component.ts
[32m#
[32m# It looks like you may be committing a merge.
[32m# If this is not correct, please remove the file
[32m#       .git/MERGE_HEAD
[32m# and try again.


[32m# Please enter the commit message for your changes. Lines starting
[32m# with '#' will be ignored, and an empty message aborts the commit.
[32m# On branch master
[32m# Your branch and 'origin/master' have diverged,
[32m# and have 2 and 7 different commits each, respectively.
[32m#   (use "git pull" to merge the remote branch into yours)
[32m#
[32m# All conflicts fixed but you are still merging.
[32m#













Could not create lock. (I) edit anyway, (Q) cancel edit?                      [7m
*** File '* Shell 3 *'

Type joehelp for editor shell commands

1218170@csl-student:~/public_html/angular-2018/angular-tour-of-heroes$ git pull
error: You have not concluded your merge (MERGE_HEAD exists).
hint: Please, commit your changes before merging.
fatal: Exiting because of unfinished merge.
1218170@csl-student:~/public_html/angular-2018/angular-tour-of-heroes$ ls -n
total 88
-rw-------   1 306544 90 17472 Feb  6 14:24 DEADJOE
drwxrwxr-x   2 306544 90  4096 Feb  6 13:54 [1m[34me2e
-rw-------   1 306544 90   923 Feb  6 13:54 karma.conf.js
drwxrwxr-x 949 306544 90 36864 Feb  1 15:29 [1m[34mnode_modules
-rw-------   1 306544 90  1306 Feb  6 13:54 package.json
-rw-------   1 306544 90   722 Feb  6 13:54 protractor.conf.js
-rw-------   1 306544 90  1035 Feb  6 13:54 README.md
drwxrwxr-x   5 306544 90  4096 Feb  6 13:54 [1m[34msrc
-rw-------   1 306544 90   363 Feb  6 13:54 tsconfig.json
-rw-------   1 306544 90  3012 Feb  6 13:54 tslint.json
1218170@csl-student:~/public_html/angular-2018/angular-tour-of-heroes$ git pull --rebase origin master
error: You have not concluded your merge (MERGE_HEAD exists).
hint: Please, commit your changes before merging.
fatal: Exiting because of unfinished merge.
1218170@csl-student:~/public_html/angular-2018/angular-tour-of-heroes$ dit status
No command 'dit' found, but there are 24 similar ones
dit: command not found
1218170@csl-student:~/public_html/angular-2018/angular-tour-of-heroes$ git status
On branch master
Your branch and 'origin/master' have diverged,
and have 2 and 4 different commits each, respectively.
  (use "git pull" to merge the remote branch into yours)
All conflicts fixed but you are still merging.
  (use "git commit" to conclude merge)

nothing to commit, working directory clean
1218170@csl-student:~/public_html/angular-2018/angular-tour-of-heroes$ git mergetool

This message is displayed because 'merge.tool' is not configured.
See 'git mergetool --tool-help' or 'git help config' for more details.
'git mergetool' will now attempt to use one of the following tools:
tortoisemerge emerge vimdiff
No files need merging
1218170@csl-student:~/public_html/angular-2018/angular-tour-of-heroes$ git revert -m
error: switch `m' requires a value
usage: git revert [<options>] <commit-ish>...
   or: git revert <subcommand>

    --quit                end revert or cherry-pick sequence
    --continue            resume revert or cherry-pick sequence
    --abort               cancel revert or cherry-pick sequence
    -n, --no-commit       don't automatically commit
    -e, --edit            edit the commit message
    -s, --signoff         add Signed-off-by:
    -m, --mainline <n>    parent number
    --rerere-autoupdate   update the index with reused conflict resolution if possible
    --strategy <strategy>
                          merge strategy
    -X, --strategy-option <option>
                          option for merge strategy
    -S, --gpg-sign[=<key-id>]
                          GPG sign commit

1218170@csl-student:~/public_html/angular-2018/angular-tour-of-heroes$ git revert -m --abort
error: switch `m' expects a numerical value
usage: git revert [<options>] <commit-ish>...
   or: git revert <subcommand>

    --quit                end revert or cherry-pick sequence
    --continue            resume revert or cherry-pick sequence
    --abort               cancel revert or cherry-pick sequence
    -n, --no-commit       don't automatically commit
    -e, --edit            edit the commit message
    -s, --signoff         add Signed-off-by:
    -m, --mainline <n>    parent number
    --rerere-autoupdate   update the index with reused conflict resolution if possible
    --strategy <strategy>
                          merge strategy
    -X, --strategy-option <option>
                          option for merge strategy
    -S, --gpg-sign[=<key-id>]
                          GPG sign commit

1218170@csl-student:~/public_html/angular-2018/angular-tour-of-heroes$ git revert -m 1
usage: git revert [<options>] <commit-ish>...
   or: git revert <subcommand>

    --quit                end revert or cherry-pick sequence
    --continue            resume revert or cherry-pick sequence
    --abort               cancel revert or cherry-pick sequence
    -n, --no-commit       don't automatically commit
    -e, --edit            edit the commit message
    -s, --signoff         add Signed-off-by:
    -m, --mainline <n>    parent number
    --rerere-autoupdate   update the index with reused conflict resolution if possible
    --strategy <strategy>
                          merge strategy
    -X, --strategy-option <option>
                          option for merge strategy
    -S, --gpg-sign[=<key-id>]
                          GPG sign commit

1218170@csl-student:~/public_html/angular-2018/angular-tour-of-heroes$ git revert -m
error: switch `m' requires a value
usage: git revert [<options>] <commit-ish>...
   or: git revert <subcommand>

    --quit                end revert or cherry-pick sequence
    --continue            resume revert or cherry-pick sequence
    --abort               cancel revert or cherry-pick sequence
    -n, --no-commit       don't automatically commit
    -e, --edit            edit the commit message
    -s, --signoff         add Signed-off-by:
    -m, --mainline <n>    parent number
    --rerere-autoupdate   update the index with reused conflict resolution if possible
    --strategy <strategy>
                          merge strategy
    -X, --strategy-option <option>
                          option for merge strategy
    -S, --gpg-sign[=<key-id>]
                          GPG sign commit

1218170@csl-student:~/public_html/angular-2018/angular-tour-of-heroes$ git reset --hard origin
fatal: ambiguous argument 'origin': unknown revision or path not in the working tree.
Use '--' to separate paths from revisions, like this:
'git <command> [<revision>...] -- [<file>...]'
1218170@csl-student:~/public_html/angular-2018/angular-tour-of-heroes$ git fetch origin
Username for 'https://fsegitlab.wlv.ac.uk': 1218170
Password for 'https://1218170@fsegitlab.wlv.ac.uk': 
remote: Counting objects: 15, done.
remote: Compressing objects: 100% (15/15), done.
remote: Total 15 (delta 11), reused 0 (delta 0)
Unpacking objects: 100% (15/15), done.
From https://fsegitlab.wlv.ac.uk/1218170/angular-tour-of-heroes
   e927748..66453d8  master     -> origin/master
1218170@csl-student:~/public_html/angular-2018/angular-tour-of-heroes$ ls -n
total 88
-rw-------   1 306544 90 17472 Feb  6 14:24 DEADJOE
drwxrwxr-x   2 306544 90  4096 Feb  6 13:54 [1m[34me2e
-rw-------   1 306544 90   923 Feb  6 13:54 karma.conf.js
drwxrwxr-x 949 306544 90 36864 Feb  1 15:29 [1m[34mnode_modules
-rw-------   1 306544 90  1306 Feb  6 13:54 package.json
-rw-------   1 306544 90   722 Feb  6 13:54 protractor.conf.js
-rw-------   1 306544 90  1035 Feb  6 13:54 README.md
drwxrwxr-x   5 306544 90  4096 Feb  6 13:54 [1m[34msrc
-rw-------   1 306544 90   363 Feb  6 13:54 tsconfig.json
-rw-------   1 306544 90  3012 Feb  6 13:54 tslint.json
1218170@csl-student:~/public_html/angular-2018/angular-tour-of-heroes$ git add .
1218170@csl-student:~/public_html/angular-2018/angular-tour-of-heroes$ git commit
[7m    I    ~/public_html/angular-2018/angular-tour-of-heroes/.git/COMMIT_EDITMSG (Modified)(git-commit)                           Row 3    Col 1    3:18  Ctrl-K H for help


Merge branch 'master' of https://fsegitlab.wlv.ac.uk/1218170/angular-tour-of-heroes
[32m
[32m# Conflicts:
[32m#       src/app/app.component.ts
[32m#
[32m# It looks like you may be committing a merge.
[32m# If this is not correct, please remove the file
[32m#       .git/MERGE_HEAD
[32m# and try again.

[32m
[32m# Please enter the commit message for your changes. Lines starting
[32m# with '#' will be ignored, and an empty message aborts the commit.
[32m# On branch master
[32m# Your branch and 'origin/master' have diverged,
[32m# and have 2 and 7 different commits each, respectively.
[32m#   (use "git pull" to merge the remote branch into yours)
[32m#
[32m# All conflicts fixed but you are still merging.
[32m#












*** File '* Shell 1 *'

Type joehelp for editor shell commands

1218170@csl-student:~/public_html/angular-2018/angular-tour-of-heroes$ git add .
1218170@csl-student:~/public_html/angular-2018/angular-tour-of-heroes$ git commit 
[7m    I    ~/public_html/angular-2018/angular-tour-of-heroes/.g  Row 1    Col 1    3:18  Ctrl-K H for help
Merge branch 'master' of https://fsegitlab.wlv.ac.uk/1218170/angular-tour-of-heroes

[32m# Conflicts:
[32m#       src/app/app.component.ts
[32m#
[32m# It looks like you may be committing a merge.
[32m# If this is not correct, please remove the file
[32m#       .git/MERGE_HEAD
[32m# and try again.


[32m# Please enter the commit message for your changes. Lines starting
[32m# with '#' will be ignored, and an empty message aborts the commit.
[32m# On branch master
[32m# Your branch and 'origin/master' have diverged,
[32m# and have 2 and 4 different commits each, respectively.
[32m#   (use "git pull" to merge the remote branch into yours)
[32m#
[32m# All conflicts fixed but you are still merging.
[32m#













Could not create lock. (I) edit anyway, (Q) cancel edit?                      [7m       
*** File '(Unnamed)'
/home/stud/0/1218170/public_html/angular-2018/angular-tour-of-heroes/.git/COMMIT_EDITMSG
* Startup Log *
* Shell 1 *
* Startup Log *
* Shell 1 *
* Startup Log *
* Shell 3 *
* Startup Log *
* Shell 3 *
* Startup Log *
* Shell 3 *
* Startup Log *
* Shell 3 *
* Startup Log *
* Shell 3 *
* Startup Log *
* Shell 3 *
* Startup Log *
* Shell 3 *
* Startup Log *
* Shell 3 *
* Startup Log *
* Shell 3 *
* Startup Log *
* Shell 4 *
* Startup Log *
* Shell 4 *
* Startup Log *
* Shell 4 *
* Startup Log *
* Shell 3 *
* Startup Log *
* Shell 4 *
* Startup Log *
* Shell 3 *
* Startup Log *
* Shell 4 *
* Startup Log *
* Shell 4 *
* Startup Log *
* Shell 3 *
* Startup Log *
* Shell 3 *
* Startup Log *
* Shell 4 *
* Startup Log *
* Shell 4 *
* Startup Log *
* Shell 4 *
* Startup Log *
* Shell 4 *
* Startup Log *
* Shell 3 *
* Startup Log *
* Shell 2 *

*** File '/home/stud/0/1218170/public_html/angular-2018/angular-tour-of-heroes/.git/COMMIT_EDITMSG'
Merge branch 'master' of https://fsegitlab.wlv.ac.uk/1218170/angular-tour-of-heroes


# Conflicts:
#	src/app/app.component.ts
#
# It looks like you may be committing a merge.
# If this is not correct, please remove the file
#	.git/MERGE_HEAD
# and try again.


# Please enter the commit message for your changes. Lines starting
# with '#' will be ignored, and an empty message aborts the commit.
# On branch master
# Your branch and 'origin/master' have diverged,
# and have 2 and 4 different commits each, respectively.
#   (use "git pull" to merge the remote branch into yours)
#
# All conflicts fixed but you are still mergE




*** File '* Startup Log *'
Processing '/etc/joe/editorrc'...
Processing '/etc/joe/ftyperc'...
Finished processing /etc/joe/ftyperc
Finished processing /etc/joe/editorrc

*** These modified files were found in JOE when it aborted on Tue Feb  6 16:02:16 2018
*** JOE was aborted because the terminal closed

*** File '(Unnamed)'
/home/stud/0/1218170/public_html/angular-2018/angular-tour-of-heroes/.git/COMMIT_EDITMSG

*** File '/home/stud/0/1218170/public_html/angular-2018/angular-tour-of-heroes/.git/COMMIT_EDITMSG'


Merge branch 'master' of https://fsegitlab.wlv.ac.uk/1218170/angular-tour-of-heroes

# Conflicts:
#	src/app/app.component.ts
#
# It looks like you may be committing a merge.
# If this is not correct, please remove the file
#	.git/MERGE_HEAD
# and try again.


# Please enter the commit message for your changes. Lines starting
# with '#' will be ignored, and an empty message aborts the commit.
# On branch master
# Your branch and 'origin/master' have diverged,
# and have 2 and 7 different commits each, respectively.
#   (use "git pull" to merge the remote branch into yours)
#
# All conflicts fixed but you are still merging.
#

*** File '* Startup Log *'
Processing '/etc/joe/editorrc'...
Processing '/etc/joe/ftyperc'...
Finished processing /etc/joe/ftyperc
Finished processing /etc/joe/editorrc

*** These modified files were found in JOE when it aborted on Tue Feb  6 16:02:16 2018
*** JOE was aborted because the terminal closed

*** File '(Unnamed)'
/home/stud/0/1218170/public_html/angular-2018/angular-tour-of-heroes/.git/COMMIT_EDITMSG

*** File '* Startup Log *'
Processing '/etc/joe/editorrc'...
Processing '/etc/joe/ftyperc'...
Finished processing /etc/joe/ftyperc
Finished processing /etc/joe/editorrc

*** These modified files were found in JOE when it aborted on Tue Feb  6 16:02:16 2018
*** JOE was aborted because the terminal closed

*** These modified files were found in JOE when it aborted on Wed Feb  7 12:44:20 2018
*** JOE was aborted by UNIX signal 1

*** File '(Unnamed)'

*** These modified files were found in JOE when it aborted on Wed Feb  7 12:44:20 2018
*** JOE was aborted by UNIX signal 1

*** File '(Unnamed)'
/home/stud/0/1218170/public_html/angular-2018/angular-tour-of-heroes/.git/MERGE_MSG
* Startup Log *
* Shell 4 *
/home/stud/0/1218170/public_html/angular-2018/angular-tour-of-heroes/.git/MERGE_MSG
* Startup Log *
* Shell 4 *

*** File '* Startup Log *'

*** These modified files were found in JOE when it aborted on Wed Feb  7 12:44:20 2018
*** JOE was aborted by UNIX signal 1

*** File '* Startup Log *'
Processing '/etc/joe/editorrc'...
Processing '/etc/joe/ftyperc'...
Finished processing /etc/joe/ftyperc
Finished processing /etc/joe/editorrc

*** These modified files were found in JOE when it aborted on Wed Feb  7 12:44:20 2018
*** JOE was aborted by UNIX signal 1

*** These modified files were found in JOE when it aborted on Wed Feb  7 12:44:20 2018
*** JOE was aborted by UNIX signal 1
Processing '/etc/joe/editorrc'...
Processing '/etc/joe/ftyperc'...
Finished processing /etc/joe/ftyperc
Finished processing /etc/joe/editorrc

*** File '* Shell 3 *'

*** File '* Shell 2 *'

*** File '* Shell 4 *'

Type joehelp for editor shell commands

1218170@csl-student:~/public_html/angular-2018/angular-tour-of-heroes$ git merge
[7m    I    ~/public_html/angular-2018/angular-tour-of-heroes/.git/MERGE_MSG           Row 1    Col 1   10:26  Ctrl-K H for help
Merge remote-tracking branch 'refs/remotes/origin/master'

# Please enter a commit message to explain why this merge is necessary,
# especially if it merges an updated upstream into a topic branch.
#
# Lines starting with '#' will be ignored, and an empty message aborts
# the commit.
sage aborts
# the commit.












[7m** Joe's Own Editor v4.1 ** (utf-8) ** Copyright © 2015 **
Type joehelp for editor shell commands

1218170@csl-student:~/public_html/angular-2018/angular-tour-of-heroes$ git commit -m "heroes1"
On branch master
Your branch and 'origin/master' have diverged,
and have 6 and 1 different commit each, respectively.
  (use "git pull" to merge the remote branch into yours)
nothing to commit, working directory clean
1218170@csl-student:~/public_html/angular-2018/angular-tour-of-heroes$ git pull
Username for 'https://fsegitlab.wlv.ac.uk': 1218170
Password for 'https://1218170@fsegitlab.wlv.ac.uk': 
[7m    I    ~/public_html/angular-2018/angular-tour-of-heroes/.git/MERGE_MSG           Row 1    Col 1   10:24  Ctrl-K H for help
Merge branch 'master' of https://fsegitlab.wlv.ac.uk/1218170/angular-tour-of-heroes

# Please enter a commit message to explain why this merge is necessary,
# especially if it merges an updated upstream into a topic branch.
#
# Lines starting with '#' will be ignored, and an empty message aborts
# the commit.














[7m[mLocked by 1218170@here.24619. (S)teal lock, (I) edit anyway, (Q) cancel edit? [7m
Type joehelp for editor shell commands

1218170@csl-student:~/public_html/angular-2018/angular-tour-of-heroes$ ls -n
total 144
-rwxrwxr-x   1 306544 90 67609 Feb  6 16:02 [1m[32mDEADJOE
drwxrwxr-x   2 306544 90  4096 Feb  7 08:43 [1m[34mdist
drwxrwxr-x   2 306544 90  4096 Feb  6 13:54 [1m[34me2e
-rwxrwxr-x   1 306544 90   923 Feb  6 13:54 [1m[32mkarma.conf.js
drwxrwxr-x 949 306544 90 36864 Feb  1 15:29 [1m[34mnode_modules
-rwxrwxr-x   1 306544 90  1306 Feb  6 13:54 [1m[32mpackage.json
-rwxrwxr-x   1 306544 90   722 Feb  6 13:54 [1m[32mprotractor.conf.js
-rwxrwxr-x   1 306544 90  1035 Feb  6 13:54 [1m[32mREADME.md
drwxrwxr-x   5 306544 90  4096 Feb  7 09:53 [1m[34msrc
-rwxrwxr-x   1 306544 90   363 Feb  6 13:54 [1m[32mtsconfig.json
-rwxrwxr-x   1 306544 90  3012 Feb  6 13:54 [1m[32mtslint.json
1218170@csl-student:~/public_html/angular-2018/angular-tour-of-heroes$ git commi
t -m "test"
[master cb86065] test
 2 files changed, 24 insertions(+), 20 deletions(-)
 rewrite src/app/app.component.html (99%)
1218170@csl-student:~/public_html/angular-2018/angular-tour-of-heroes$ node_modu
les/@angular/cli/bin/ng build --bh /~1218170/angular-2018/angular-tour-of-heroes
/dist/
Date: [1m[37m2018-02-07T09:56:41.773Z[m                                                          
Hash: [1m[37m9c155f0742c9ff6ea0a5
Time: [1m[37m20232[m[1mms
chunk {[1m[33minline[m[1m} [32minline.bundle.js, inline.bundle.js.map[m[1m (inline) 5.83 kB [33m[entry][32m [rendered]
chunk {[1m[33mmain[m[1m} [32mmain.bundle.js, main.bundle.js.map[m[1m (main) 6.6 kB [33m[initial][32m [rendered]
chunk {[1m[33mpolyfills[m[1m} [32mpolyfills.bundle.js, polyfills.bundle.js.map[m[1m (polyfills) 201 kB [33m[initial][32m [rendered]
chunk {[1m[33mstyles[m[1m} [32mstyles.bundle.js, styles.bundle.js.map[m[1m (styles) 11.8 kB [33m[initial][32m [rendered]
chunk {[1m[33mvendor[m[1m} [32mvendor.bundle.js, vendor.bundle.js.map[m[1m (vendor) 2.43 MB [33m[initial][32m [rendered]
1218170@csl-student:~/public_html/angular-2018/angular-tour-of-heroes$ cd ../
1218170@csl-student:~/public_html/angular-2018$ cd ../
1218170@csl-student:~/public_html$ cd ../
1218170@csl-student:~$ chmod 775 -R public_html
1218170@csl-student:~$ cd public_html
1218170@csl-student:~/public_html$ cd angular-2018
1218170@csl-student:~/public_html/angular-2018$ cd angular-tour-of-heroes
1218170@csl-student:~/public_html/angular-2018/angular-tour-of-heroes$ node_modules/@angular/cli/bin/ng generate component heroes
  [32mcreate[m src/app/heroes/heroes.component.css (0 bytes)
  [32mcreate[m src/app/heroes/heroes.component.html (25 bytes)
  [32mcreate[m src/app/heroes/heroes.component.spec.ts (628 bytes)
  [32mcreate[m src/app/heroes/heroes.component.ts (269 bytes)
  [33mupdate[m src/app/app.module.ts (398 bytes)
1218170@csl-student:~/public_html/angular-2018/angular-tour-of-heroes$ git add . -A
1218170@csl-student:~/public_html/angular-2018/angular-tour-of-heroes$ git commit -m "heroes comp"
[master 9b02a4c] heroes comp
 5 files changed, 46 insertions(+), 1 deletion(-)
 create mode 100644 src/app/heroes/heroes.component.css
 create mode 100644 src/app/heroes/heroes.component.html
 create mode 100644 src/app/heroes/heroes.component.spec.ts
 create mode 100644 src/app/heroes/heroes.component.ts
1218170@csl-student:~/public_html/angular-2018/angular-tour-of-heroes$ git push -u
warning: push.default is unset; its implicit value has changed in
Git 2.0 from 'matching' to 'simple'. To squelch this message
and maintain the traditional behaviour, use:

  git config --global push.default matching

To squelch this message and adopt the new behaviour now, use:

  git config --global push.default simple

When push.default is set to 'matching', git will push local branches
to the remote branches that already exist with the same name.

Since Git 2.0, Git defaults to the more conservative 'simple'
behaviour, which only pushes the current branch to the corresponding
remote branch that 'git pull' uses to update the current branch.

See 'git help config
*** File '* Shell 2 *'

Type joehelp for editor shell commands

1218170@csl-student:~/public_html/angular-2018/angular-tour-of-heroes$ git commit -m "heroes1"
On branch master
Your branch and 'origin/master' have diverged,
and have 6 and 1 different commit each, respectively.
  (use "git pull" to merge the remote branch into yours)
nothing to commit, working directory clean
1218170@csl-student:~/public_html/angular-2018/angular-tour-of-heroes$ git pull
Username for 'https://fsegitlab.wlv.ac.uk': 1218170
Password for 'https://1218170@fsegitlab.wlv.ac.uk': 
[7m    I    ~/public_html/angular-2018/angular-tour-of-heroes/.git/MERGE_MSG           Row 1    Col 1   10:26  Ctrl-K H for help
Merge branch 'master' of https://fsegitlab.wlv.ac.uk/1218170/angular-tour-of-heroes

# Please enter a commit message to explain why this merge is necessary,
# especially if it merges an updated upstream into a topic branch.
#
# Lines starting with '#' will be ignored, and an empty message aborts
# the commit.














Notice: File on disk changed! (hit ^C to continue)                                                        
*** File '* Shell 4 *'

Type joehelp for editor shell commands

1218170@csl-student:~/public_html/angular-2018/angular-tour-of-heroes$ ls -n
total 144
-rwxrwxr-x   1 306544 90 67609 Feb  6 16:02 [1m[32mDEADJOE
drwxrwxr-x   2 306544 90  4096 Feb  7 08:43 [1m[34mdist
drwxrwxr-x   2 306544 90  4096 Feb  6 13:54 [1m[34me2e
-rwxrwxr-x   1 306544 90   923 Feb  6 13:54 [1m[32mkarma.conf.js
drwxrwxr-x 949 306544 90 36864 Feb  1 15:29 [1m[34mnode_modules
-rwxrwxr-x   1 306544 90  1306 Feb  6 13:54 [1m[32mpackage.json
-rwxrwxr-x   1 306544 90   722 Feb  6 13:54 [1m[32mprotractor.conf.js
-rwxrwxr-x   1 306544 90  1035 Feb  6 13:54 [1m[32mREADME.md
drwxrwxr-x   5 306544 90  4096 Feb  7 09:53 [1m[34msrc
-rwxrwxr-x   1 306544 90   363 Feb  6 13:54 [1m[32mtsconfig.json
-rwxrwxr-x   1 306544 90  3012 Feb  6 13:54 [1m[32mtslint.json
1218170@csl-student:~/public_html/angular-2018/angular-tour-of-heroes$ git commi
t -m "test"
[master cb86065] test
 2 files changed, 24 insertions(+), 20 deletions(-)
 rewrite src/app/app.component.html (99%)
1218170@csl-student:~/public_html/angular-2018/angular-tour-of-heroes$ node_modu
les/@angular/cli/bin/ng build --bh /~1218170/angular-2018/angular-tour-of-heroes
/dist/
Date: [1m[37m2018-02-07T09:56:41.773Z[m                                                          
Hash: [1m[37m9c155f0742c9ff6ea0a5
Time: [1m[37m20232[m[1mms
chunk {[1m[33minline[m[1m} [32minline.bundle.js, inline.bundle.js.map[m[1m (inline) 5.83 kB [33m[entry][32m [rendered]
chunk {[1m[33mmain[m[1m} [32mmain.bundle.js, main.bundle.js.map[m[1m (main) 6.6 kB [33m[initial][32m [rendered]
chunk {[1m[33mpolyfills[m[1m} [32mpolyfills.bundle.js, polyfills.bundle.js.map[m[1m (polyfills) 201 kB [33m[initial][32m [rendered]
chunk {[1m[33mstyles[m[1m} [32mstyles.bundle.js, styles.bundle.js.map[m[1m (styles) 11.8 kB [33m[initial][32m [rendered]
chunk {[1m[33mvendor[m[1m} [32mvendor.bundle.js, vendor.bundle.js.map[m[1m (vendor) 2.43 MB [33m[initial][32m [rendered]
1218170@csl-student:~/public_html/angular-2018/angular-tour-of-heroes$ cd ../
1218170@csl-student:~/public_html/angular-2018$ cd ../
1218170@csl-student:~/public_html$ cd ../
1218170@csl-student:~$ chmod 775 -R public_html
1218170@csl-student:~$ cd public_html
1218170@csl-student:~/public_html$ cd angular-2018
1218170@csl-student:~/public_html/angular-2018$ cd angular-tour-of-heroes
1218170@csl-student:~/public_html/angular-2018/angular-tour-of-heroes$ node_modules/@angular/cli/bin/ng generate component heroes
  [32mcreate[m src/app/heroes/heroes.component.css (0 bytes)
  [32mcreate[m src/app/heroes/heroes.component.html (25 bytes)
  [32mcreate[m src/app/heroes/heroes.component.spec.ts (628 bytes)
  [32mcreate[m src/app/heroes/heroes.component.ts (269 bytes)
  [33mupdate[m src/app/app.module.ts (398 bytes)
1218170@csl-student:~/public_html/angular-2018/angular-tour-of-heroes$ git add . -A
1218170@csl-student:~/public_html/angular-2018/angular-tour-of-heroes$ git commit -m "heroes comp"
[master 9b02a4c] heroes comp
 5 files changed, 46 insertions(+), 1 deletion(-)
 create mode 100644 src/app/heroes/heroes.component.css
 create mode 100644 src/app/heroes/heroes.component.html
 create mode 100644 src/app/heroes/heroes.component.spec.ts
 create mode 100644 src/app/heroes/heroes.component.ts
1218170@csl-student:~/public_html/angular-2018/angular-tour-of-heroes$ git push -u
warning: push.default is unset; its implicit value has changed in
Git 2.0 from 'matching' to 'simple'. To squelch this message
and maintain the traditional behaviour, use:

  git config --global push.default matching

To squelch this message and adopt the new behaviour now, use:

  git config --global push.default simple

When push.default is set to 'matching', git will push local branches
to the remote branches that already exist with the same name.

Since Git 2.0, Git defaults to the more conservative 'simple'
behaviour, which only pushes the current branch to the corresponding
remote branch that 'git pull' uses to update the current branch.

See 'git help config' and search for 'push.default' for further information.
(the 'simple' mode was introduced in Git 1.7.11. Use the similar mode
'current' instead of 'simple' if you sometimes use older versions of Git)

Username for 'https://fsegitlab.wlv.ac.uk': 1218170
Password for 'https://1218170@fsegitlab.wlv.ac.uk': 
To https://fsegitlab.wlv.ac.uk/1218170/angular-tour-of-heroes.git
 ! [rejected]        master -> master (non-fast-forward)
error: failed to push some refs to 'https://fsegitlab.wlv.ac.uk/1218170/angular-tour-of-heroes.git'
hint: Updates were rejected because the tip of your current branch is behind
hint: its remote counterpart. Integrate the remote changes (e.g.
hint: 'git pull ...') before pushing again.
hint: See the 'Note about fast-forwards' in 'git push --help' for details.
1218170@csl-student:~/public_html/angular-2018/angular-tour-of-heroes$ git remote add origin https://fsegitlab.wlv.ac.uk/1218
170/angular-tour-of-heroes.git
fatal: remote origin already exists.
1218170@csl-student:~/public_html/angular-2018/angular-tour-of-heroes$ git push -u origin master
Username for 'https://fsegitlab.wlv.ac.uk': 1218170
Password for 'https://1218170@fsegitlab.wlv.ac.uk': 
To https://fsegitlab.wlv.ac.uk/1218170/angular-tour-of-heroes.git
 ! [rejected]        master -> master (non-fast-forward)
error: failed to push some refs to 'https://fsegitlab.wlv.ac.uk/1218170/angular-tour-of-heroes.git'
hint: Updates were rejected because the tip of your current branch is behind
hint: its remote counterpart. Integrate the remote changes (e.g.
hint: 'git pull ...') before pushing again.
hint: See the 'Note about fast-forwards' in 'git push --help' for details.
1218170@csl-student:~/public_html/angular-2018/angular-tour-of-heroes$ git pull
Username for 'https://fsegitlab.wlv.ac.uk': 1218170
Password for 'https://1218170@fsegitlab.wlv.ac.uk': 
[7m    I    ~/public_html/angular-2018/angular-tour-of-heroes/.git/MERGE_MSG           Row 1    Col 1   10:24  Ctrl-K H for help
Merge branch 'master' of https://fsegitlab.wlv.ac.uk/1218170/angular-tour-of-heroes

# Please enter a commit message to explain why this merge is necessary,
# especially if it merges an updated upstream into a topic branch.
#
# Lines starting with '#' will be ignored, and an empty message aborts
# the commit.














[7m** Joe's Own Editor v4.1 ** (utf-8) ** Copyright © 2015 **
*** File '(Unnamed)'
/home/stud/0/1218170/public_html/angular-2018/angular-tour-of-heroes/.git/MERGE_MSG
* Startup Log *
* Shell 4 *
/home/stud/0/1218170/public_html/angular-2018/
/home/stud/0/1218170/public_html/
/home/stud/0/1218170/
/home/stud/0/1218170/public_html/
/home/stud/0/1218170/public_html/angular-2018/
/home/stud/0/1218170/public_html/angular-2018/angular-tour-of-heroes/
* Startup Log *
* Shell 4 *
* Startup Log *
* Shell 4 *
* Startup Log *
* Shell 2 *
* Startup Log *
* Shell 4 *
* Startup Log *
* Shell 2 *
* Startup Log *
* Shell 3 *

*** File '* Startup Log *'
' and search for 'push.default' for further information.
(the 'simple' mode was introduced in Git 1.7.11. Use the similar mode
'current' instead of 'simple' if you sometimes use older versions of Git)

Username for 'https://fsegitlab.wlv.ac.uk': 1218170
Password for 'https://1218170@fsegitlab.wlv.ac.uk': 
To https://fsegitlab.wlv.ac.uk/1218170/angular-tour-of-heroes.git
 ! [rejected]        master -> master (non-fast-forward)
error: failed to push some refs to 'https://fsegitlab.wlv.ac.uk/1218170/angular-tour-of-heroes.git'
hint: Updates were rejected because the tip of your current branch is behind
hint: its remote counterpart. Integrate the remote changes (e.g.
hint: 'git pull ...') before pushing again.
hint: See the 'Note about fast-forwards' in 'git push --help' for details.
1218170@csl-student:~/public_html/angular-2018/angular-tour-of-heroes$ git remote add origin https://fsegitlab.wlv.ac.uk/1218
170/angular-tour-of-heroes.git
fatal: remote origin already exists.
1218170@csl-student:~/public_html/angular-2018/angular-tour-of-heroes$ git push -u origin master
Username for 'https://fsegitlab.wlv.ac.uk': 1218170
Password for 'https://1218170@fsegitlab.wlv.ac.uk': 
To https://fsegitlab.wlv.ac.uk/1218170/angular-tour-of-heroes.git
 ! [rejected]        master -> master (non-fast-forward)
error: failed to push some refs to 'https://fsegitlab.wlv.ac.uk/1218170/angular-tour-of-heroes.git'
hint: Updates were rejected because the tip of your current branch is behind
hint: its remote counterpart. Integrate the remote changes (e.g.
hint: 'git pull ...') before pushing again.
hint: See the 'Note about fast-forwards' in 'git push --help' for details.
1218170@csl-student:~/public_html/angular-2018/angular-tour-of-heroes$ git pull
Username for 'https://fsegitlab.wlv.ac.uk': 1218170
Password for 'https://1218170@fsegitlab.wlv.ac.uk': 
[7m    I    ~/public_html/angular-2018/angular-tour-of-heroes/.git/MERGE_MSG           Row 1    Col 1   10:23  Ctrl-K H for help
Merge branch 'master' of https://fsegitlab.wlv.ac.uk/1218170/angular-tour-of-heroes

# Please enter a commit message to explain why this merge is necessary,
# especially if it merges an updated upstream into a topic branch.
#
# Lines starting with '#' will be ignored, and an empty message aborts
# the commit.














[7m** Joe's Own Editor v4.1 ** (utf-8) ** Copyright © 2015 **
*** File '(Unnamed)'
/home/stud/0/1218170/public_html/angular-2018/angular-tour-of-heroes/.git/MERGE_MSG
* Startup Log *
* Shell 4 *
/home/stud/0/1218170/public_html/angular-2018/
/home/stud/0/1218170/public_html/
/home/stud/0/1218170/
/home/stud/0/1218170/public_html/
/home/stud/0/1218170/public_html/angular-2018/
/home/stud/0/1218170/public_html/angular-2018/angular-tour-of-heroes/
* Startup Log *
* Shell 4 *
* Startup Log *
* Shell 4 *
* Startup Log *
* Shell 2 *

*** File '* Startup Log *'
Processing '/etc/joe/editorrc'...
Processing '/etc/joe/ftyperc'...
Finished processing /etc/joe/ftyperc
Finished processing /etc/joe/editorrc

*** File '* Shell 4 *'

Type joehelp for editor shell commands

1218170@csl-student:~/public_html/angular-2018/angular-tour-of-heroes$ ls -n
total 144
-rwxrwxr-x   1 306544 90 67609 Feb  6 16:02 [1m[32mDEADJOE
drwxrwxr-x   2 306544 90  4096 Feb  7 08:43 [1m[34mdist
drwxrwxr-x   2 306544 90  4096 Feb  6 13:54 [1m[34me2e
-rwxrwxr-x   1 306544 90   923 Feb  6 13:54 [1m[32mkarma.conf.js
drwxrwxr-x 949 306544 90 36864 Feb  1 15:29 [1m[34mnode_modules
-rwxrwxr-x   1 306544 90  1306 Feb  6 13:54 [1m[32mpackage.json
-rwxrwxr-x   1 306544 90   722 Feb  6 13:54 [1m[32mprotractor.conf.js
-rwxrwxr-x   1 306544 90  1035 Feb  6 13:54 [1m[32mREADME.md
drwxrwxr-x   5 306544 90  4096 Feb  7 09:53 [1m[34msrc
-rwxrwxr-x   1 306544 90   363 Feb  6 13:54 [1m[32mtsconfig.json
-rwxrwxr-x   1 306544 90  3012 Feb  6 13:54 [1m[32mtslint.json
1218170@csl-student:~/public_html/angular-2018/angular-tour-of-heroes$ git commi
t -m "test"
[master cb86065] test
 2 files changed, 24 insertions(+), 20 deletions(-)
 rewrite src/app/app.component.html (99%)
1218170@csl-student:~/public_html/angular-2018/angular-tour-of-heroes$ node_modu
les/@angular/cli/bin/ng build --bh /~1218170/angular-2018/angular-tour-of-heroes
/dist/
Date: [1m[37m2018-02-07T09:56:41.773Z[m                                                          
Hash: [1m[37m9c155f0742c9ff6ea0a5
Time: [1m[37m20232[m[1mms
chunk {[1m[33minline[m[1m} [32minline.bundle.js, inline.bundle.js.map[m[1m (inline) 5.83 kB [33m[entry][32m [rendered]
chunk {[1m[33mmain[m[1m} [32mmain.bundle.js, main.bundle.js.map[m[1m (main) 6.6 kB [33m[initial][32m [rendered]
chunk {[1m[33mpolyfills[m[1m} [32mpolyfills.bundle.js, polyfills.bundle.js.map[m[1m (polyfills) 201 kB [33m[initial][32m [rendered]
chunk {[1m[33mstyles[m[1m} [32mstyles.bundle.js, styles.bundle.js.map[m[1m (styles) 11.8 kB [33m[initial][32m [rendered]
chunk {[1m[33mvendor[m[1m} [32mvendor.bundle.js, vendor.bundle.js.map[m[1m (vendor) 2.43 MB [33m[initial][32m [rendered]
1218170@csl-student:~/public_html/angular-2018/angular-tour-of-heroes$ cd ../
1218170@csl-student:~/public_html/angular-2018$ cd ../
1218170@csl-student:~/public_html$ cd ../
1218170@csl-student:~$ chmod 775 -R public_html
1218170@csl-student:~$ cd public_html
1218170@csl-student:~/public_html$ cd angular-2018
1218170@csl-student:~/public_html/angular-2018$ cd angular-tour-of-heroes
1218170@csl-student:~/public_html/angular-2018/angular-tour-of-heroes$ node_modules/@angular/cli/bin/ng generate component heroes
  [32mcreate[m src/app/heroes/heroes.component.css (0 bytes)
  [32mcreate[m src/app/heroes/heroes.component.html (25 bytes)
  [32mcreate[m src/app/heroes/heroes.component.spec.ts (628 bytes)
  [32mcreate[m src/app/heroes/heroes.component.ts (269 bytes)
  [33mupdate[m src/app/app.module.ts (398 bytes)
1218170@csl-student:~/public_html/angular-2018/angular-tour-of-heroes$ git add . -A
1218170@csl-student:~/public_html/angular-2018/angular-tour-of-heroes$ git commit -m "heroes comp"
[master 9b02a4c] heroes comp
 5 files changed, 46 insertions(+), 1 deletion(-)
 create mode 100644 src/app/heroes/heroes.component.css
 create mode 100644 src/app/heroes/heroes.component.html
 create mode 100644 src/app/heroes/heroes.component.spec.ts
 create mode 100644 src/app/heroes/heroes.component.ts
1218170@csl-student:~/public_html/angular-2018/angular-tour-of-heroes$ git push -u
warning: push.default is unset; its implicit value has changed in
Git 2.0 from 'matching' to 'simple'. To squelch this message
and maintain the traditional behaviour, use:

  git config --global push.default matching

To squelch this message and adopt the new behaviour now, use:

  git config --global push.default simple

When push.default is set to 'matching', git will push local branches
to the remote branches that already exist with the same name.

Since Git 2.0, Git defaults to the more conservative 'simple'
behaviour, which only pushes the current branch to the corresponding
remote branch that 'git pull' uses to update the current branch.

See 'git help configProcessing '/etc/joe/editorrc'...
Processing '/etc/joe/ftyperc'...
Finished processing /etc/joe/ftyperc
Finished processing /etc/joe/editorrc
' and search for 'push.default' for further information.
(the 'simple' mode was introduced in Git 1.7.11. Use the similar mode
'current' instead of 'simple' if you sometimes use older versions of Git)

Username for 'https://fsegitlab.wlv.ac.uk': 1218170
Password for 'https://1218170@fsegitlab.wlv.ac.uk': 
To https://fsegitlab.wlv.ac.uk/1218170/angular-tour-of-heroes.git
 ! [rejected]        master -> master (non-fast-forward)
error: failed to push some refs to 'https://fsegitlab.wlv.ac.uk/1218170/angular-tour-of-heroes.git'
hint: Updates were rejected because the tip of your current branch is behind
hint: its remote counterpart. Integrate the remote changes (e.g.
hint: 'git pull ...') before pushing again.
hint: See the 'Note about fast-forwards' in 'git push --help' for details.
1218170@csl-student:~/public_html/angular-2018/angular-tour-of-heroes$ git remote add origin https://fsegitlab.wlv.ac.uk/1218
170/angular-tour-of-heroes.git
fatal: remote origin already exists.
1218170@csl-student:~/public_html/angular-2018/angular-tour-of-heroes$ git push -u origin master
Username for 'https://fsegitlab.wlv.ac.uk': 1218170
Password for 'https://1218170@fsegitlab.wlv.ac.uk': 
To https://fsegitlab.wlv.ac.uk/1218170/angular-tour-of-heroes.git
 ! [rejected]        master -> master (non-fast-forward)
error: failed to push some refs to 'https://fsegitlab.wlv.ac.uk/1218170/angular-tour-of-heroes.git'
hint: Updates were rejected because the tip of your current branch is behind
hint: its remote counterpart. Integrate the remote changes (e.g.
hint: 'git pull ...') before pushing again.
hint: See the 'Note about fast-forwards' in 'git push --help' for details.
1218170@csl-student:~/public_html/angular-2018/angular-tour-of-heroes$ git pull
Username for 'https://fsegitlab.wlv.ac.uk': 1218170
Password for 'https://1218170@fsegitlab.wlv.ac.uk': 
[7m    I    ~/public_html/angular-2018/angular-tour-of-heroes/.git/MERGE_MSG           Row 1    Col 1   10:26  Ctrl-K H for help
Merge branch 'master' of https://fsegitlab.wlv.ac.uk/1218170/angular-tour-of-heroes

# Please enter a commit message to explain why this merge is necessary,
# especially if it merges an updated upstream into a topic branch.
#
# Lines starting with '#' will be ignored, and an empty message aborts
# the commit.














[7m** Joe's Own Editor v4.1 ** (utf-8) ** Copyright © 2015 **
*** File '(Unnamed)'
/home/stud/0/1218170/public_html/angular-2018/angular-tour-of-heroes/.git/MERGE_MSG
* Startup Log *
* Shell 4 *
/home/stud/0/1218170/public_html/angular-2018/
/home/stud/0/1218170/public_html/
/home/stud/0/1218170/
/home/stud/0/1218170/public_html/
/home/stud/0/1218170/public_html/angular-2018/
/home/stud/0/1218170/public_html/angular-2018/angular-tour-of-heroes/
* Startup Log *
* Shell 4 *
* Startup Log *
* Shell 4 *
* Startup Log *
* Shell 2 *
* Startup Log *
* Shell 4 *
* Startup Log *
* Shell 2 *
* Startup Log *
* Shell 3 *
* Startup Log *
* Shell 4 *
* Startup Log *
* Shell 4 *
* Startup Log *
* Shell 2 *
* Startup Log *
* Shell 4 *
* Startup Log *
* Shell 4 *
* Startup Log *
* Shell 2 *
* Startup Log *
* Shell 2 *
* Startup Log *
* Shell 2 *
* Startup Log *
* Shell 2 *
* Startup Log *
* Shell 1 *

*** File '* Startup Log *'
Processing '/etc/joe/editorrc'...
Processing '/etc/joe/ftyperc'...
Finished processing /etc/joe/ftyperc
Finished processing /etc/joe/editorrc

*** These modified files were found in JOE when it aborted on Wed Feb  7 12:44:20 2018
*** JOE was aborted because the terminal closed

*** File '(Unnamed)'

*** These modified files were found in JOE when it aborted on Wed Feb  7 12:44:20 2018
*** JOE was aborted because the terminal closed

*** File '(Unnamed)'
/home/stud/0/1218170/public_html/angular-2018/angular-tour-of-heroes/.git/MERGE_MSG

*** File '* Startup Log *'
Processing '/etc/joe/editorrc'...
Processing '/etc/joe/ftyperc'...
Finished processing /etc/joe/ftyperc
Finished processing /etc/joe/editorrc
/home/stud/0/1218170/public_html/angular-2018/angular-tour-of-heroes/.git/MERGE_MSG

*** File '* Startup Log *'
Processing '/etc/joe/editorrc'...
Processing '/etc/joe/ftyperc'...
Finished processing /etc/joe/ftyperc
Finished processing /etc/joe/editorrc

*** These modified files were found in JOE when it aborted on Wed Feb  7 12:44:20 2018
*** JOE was aborted because the terminal closed

*** File '(Unnamed)'
/home/stud/0/1218170/public_html/angular-2018/angular-tour-of-heroes/.git/MERGE_MSG

*** File '* Startup Log *'
Processing '/etc/joe/editorrc'...
Processing '/etc/joe/ftyperc'...
Finished processing /etc/joe/ftyperc
Finished processing /etc/joe/editorrc
