
*** These modified files were found in JOE when it aborted on Mon Feb  5 20:53:19 2018
*** JOE was aborted by UNIX signal 1

*** File '* Shell 3 *'

Type joehelp for editor shell commands

1218170@csl-student:~/public_html/angular-2018/angular-tour-of-heroes$ 
*** File '* Shell 2 *'

Type joehelp for editor shell commands

1218170@csl-student:~/public_html/angular-2018/angular-tour-of-heroes$ 
*** File '(Unnamed)'
/home/stud/0/1218170/public_html/angular-2018/angular-tour-of-heroes/.git/MERGE_MSG
* Startup Log *
* Shell 2 *
* Startup Log *
* Shell 3 *
* Startup Log *
* Shell 4 *

*** File '/home/stud/0/1218170/public_html/angular-2018/angular-tour-of-heroes/.git/MERGE_MSG'
Merge branch 'master' of https://fsegitlab.wlv.ac.uk/1218170/angular-tour-of-heroes
[11~

# Please enter a commit message to explain why this merge is necessary,
# especially if it merges an updated upstream into a topic branch.
#
# Lines starting with '#' will be ignored, and an empty message aborts
# the commit.

*** File '* Startup Log *'
Processing '/etc/joe/editorrc'...
Processing '/etc/joe/ftyperc'...
Finished processing /etc/joe/ftyperc
Finished processing /etc/joe/editorrc

*** These modified files were found in JOE when it aborted on Mon Feb  5 20:53:19 2018
*** JOE was aborted by UNIX signal 1

*** File '(Unnamed)'
/home/stud/0/1218170/public_html/angular-2018/angular-tour-of-heroes/.git/MERGE_MSG
* Startup Log *
* Shell 2 *

*** File '/home/stud/0/1218170/public_html/angular-2018/angular-tour-of-heroes/.git/MERGE_MSG'
Merge branch 'master' of https://fsegitlab.wlv.ac.uk/1218170/angular-tour-of-heroes
[11~

# Please enter a commit message to explain why this merge is necessary,
# especially if it merges an updated upstream into a topic branch.
#
# Lines starting with '#' will be ignored, and an empty message aborts
# the commit.

*** File '* Startup Log *'
Processing '/etc/joe/editorrc'...
Processing '/etc/joe/ftyperc'...
Finished processing /etc/joe/ftyperc
Finished processing /etc/joe/editorrc

*** These modified files were found in JOE when it aborted on Mon Feb  5 20:53:19 2018
*** JOE was aborted by UNIX signal 1

*** File '* Shell 2 *'

Type joehelp for editor shell commands

1218170@csl-student:~/public_html/angular-2018/angular-tour-of-heroes$ 
*** File '(Unnamed)'
/home/stud/0/1218170/public_html/angular-2018/angular-tour-of-heroes/.git/MERGE_MSG
* Startup Log *
* Shell 2 *
* Startup Log *
* Shell 3 *

*** File '/home/stud/0/1218170/public_html/angular-2018/angular-tour-of-heroes/.git/MERGE_MSG'
Merge branch 'master' of https://fsegitlab.wlv.ac.uk/1218170/angular-tour-of-heroes
[11~

# Please enter a commit message to explain why this merge is necessary,
# especially if it merges an updated upstream into a topic branch.
#
# Lines starting with '#' will be ignored, and an empty message aborts
# the commit.

*** File '* Startup Log *'
Processing '/etc/joe/editorrc'...
Processing '/etc/joe/ftyperc'...
Finished processing /etc/joe/ftyperc
Finished processing /etc/joe/editorrc

*** These modified files were found in JOE when it aborted on Mon Feb  5 20:53:19 2018
*** JOE was aborted by UNIX signal 1

*** File '* Build Log *'

*** File '* Startup Log *'
Processing '/etc/joe/editorrc'...
Processing '/etc/joe/ftyperc'...
Finished processing /etc/joe/ftyperc
Finished processing /etc/joe/editorrc

*** File '* Shell 4 *'
1218170@csl-student:~/public_html/angular-2018/angular-tour-of-heroes$ git pull
Username for 'https://fsegitlab.wlv.ac.uk': 1218170
Password for 'https://1218170@fsegitlab.wlv.ac.uk': 
error: Your local changes to the following files would be overwritten by merge:
	src/app/app.component.ts
Please, commit your changes or stash them before you can merge.
Aborting
1218170@csl-student:~/public_html/angular-2018/angular-tour-of-heroes$ git reset
Unstaged changes after reset:
M	src/app/app.component.ts
1218170@csl-student:~/public_html/angular-2018/angular-tour-of-heroes$ git pull
Username for 'https://fsegitlab.wlv.ac.uk': 1218170
Password for 'https://1218170@fsegitlab.wlv.ac.uk': 
error: Your local changes to the following files would be overwritten by merge:
	src/app/app.component.ts
Please, commit your changes or stash them before you can merge.
Aborting
1218170@csl-student:~/public_html/angular-2018/angular-tour-of-heroes$ git reset --hard
HEAD is now at 64b44a0 index change
1218170@csl-student:~/public_html/angular-2018/angular-tour-of-heroes$ git pull
Username for 'https://fsegitlab.wlv.ac.uk': 1218170
Password for 'https://1218170@fsegitlab.wlv.ac.uk': 
Auto-merging src/app/app.component.ts
[7m    I    ~/public_html/angular-2018/angular-tour-of-heroes/.git/MERGE_MSG                                                      Row 1    Col 84   8:42  Ctrl-K H for help
[7m    I    ~/public_html/angular-2018/angular-tour-of-heroes/.git/MERGE_MSG                                                      Row 1    Col 84   8:53  Ctrl-K H for help
Merge branch 'master' of https://fsegitlab.wlv.ac.uk/1218170/angular-tour-of-heroes

# Please enter a commit message to explain why this merge is necessary,
# especially if it merges an updated upstream into a topic branch.
#
# Lines starting with '#' will be ignored, and an empty message aborts
# the commit.

































Could not create lock. (I) edit anyway, (Q) cancel edit?                                                                                             
*** File '* Shell 3 *'
1218170@csl-student:~/public_html/angular-2018/angular-tour-of-heroes$ git pull
Username for 'https://fsegitlab.wlv.ac.uk': 1218170
Password for 'https://1218170@fsegitlab.wlv.ac.uk': 
error: Your local changes to the following files would be overwritten by merge:
	src/app/app.component.ts
Please, commit your changes or stash them before you can merge.
Aborting
1218170@csl-student:~/public_html/angular-2018/angular-tour-of-heroes$ git commit -m "still"
[master a24f7d6] still
 1 file changed, 1 insertion(+), 1 deletion(-)
1218170@csl-student:~/public_html/angular-2018/angular-tour-of-heroes$ ls -n
total 72
drwxrwxr-x   2 306544 90  4096 Feb  1 15:44 [1m[34mdist
drwxrwxr-x   2 306544 90  4096 Feb  1 15:23 [1m[34me2e
-rwxrwxr-x   1 306544 90   923 Feb  1 15:23 [1m[32mkarma.conf.js
drwxrwxr-x 949 306544 90 36864 Feb  1 15:29 [1m[34mnode_modules
-rwxrwxr-x   1 306544 90  1306 Feb  1 15:23 [1m[32mpackage.json
-rwxrwxr-x   1 306544 90   722 Feb  1 15:23 [1m[32mprotractor.conf.js
-rwxrwxr-x   1 306544 90  1035 Feb  1 15:23 [1m[32mREADME.md
drwxrwxr-x   5 306544 90  4096 Feb  1 15:23 [1m[34msrc
-rwxrwxr-x   1 306544 90   363 Feb  1 15:23 [1m[32mtsconfig.json
-rwxrwxr-x   1 306544 90  3012 Feb  1 15:23 [1m[32mtslint.json
1218170@csl-student:~/public_html/angular-2018/angular-tour-of-heroes$ cd src
1218170@csl-student:~/public_html/angular-2018/angular-tour-of-heroes/src$ cd app
1218170@csl-student:~/public_html/angular-2018/angular-tour-of-heroes/src/app$ ls -n
total 16
-rwxrwxr-x 1 306544 90    0 Feb  1 15:23 [1m[32mapp.component.css
-rwxrwxr-x 1 306544 90 1141 Feb  1 15:23 [1m[32mapp.component.html
-rwxrwxr-x 1 306544 90  986 Feb  1 15:23 [1m[32mapp.component.spec.ts
-rwx------ 1 306544 90  218 Feb  5 20:42 [1m[32mapp.component.ts
-rwxrwxr-x 1 306544 90  316 Feb  1 15:23 [1m[32mapp.module.ts
1218170@csl-student:~/public_html/angular-2018/angular-tour-of-heroes/src/app$ git push -u origin master
fatal: Not a git repository: '.git'
1218170@csl-student:~/public_html/angular-2018/angular-tour-of-heroes/src/app$ cd ../
1218170@csl-student:~/public_html/angular-2018/angular-tour-of-heroes/src$ cd ../
1218170@csl-student:~/public_html/angular-2018/angular-tour-of-heroes$ git push -u origin master
Username for 'https://fsegitlab.wlv.ac.uk': 1218170
Password for 'https://1218170@fsegitlab.wlv.ac.uk': 
To https://fsegitlab.wlv.ac.uk/1218170/angular-tour-of-heroes.git
 ! [rejected]        master -> master (non-fast-forward)
error: failed to push some refs to 'https://fsegitlab.wlv.ac.uk/1218170/angular-tour-of-heroes.git'
hint: Updates were rejected because the tip of your current branch is behind
hint: its remote counterpart. Integrate the remote changes (e.g.
hint: 'git pull ...') before pushing again.
hint: See the 'Note about fast-forwards' in 'git push --help' for details.
1218170@csl-student:~/public_html/angular-2018/angular-tour-of-heroes$ git pull
Username for 'https://fsegitlab.wlv.ac.uk': 1218170
Password for 'https://1218170@fsegitlab.wlv.ac.uk': 
[7m    I    ~/public_html/angular-2018/angular-tour-of-heroes/.git/MERGE_MSG                                                      Row 2    Col 1    8:51  Ctrl-K H for help
[7m    I    ~/public_html/angular-2018/angular-tour-of-heroes/.git/MERGE_MSG                                                      Row 2    Col 1    8:53  Ctrl-K H for help
Merge branch 'master' of https://fsegitlab.wlv.ac.uk/1218170/angular-tour-of-heroes
                                                                                                                                                     
# Please enter a commit message to explain why this merge is necessary,
# especially if it merges an updated upstream into a topic branch.
#
# Lines starting with '#' will be ignored, and an empty message aborts
# the commit.


































*** File '* Shell 2 *'

Type joehelp for editor shell commands

1218170@csl-student:~/public_html/angular-2018/angular-tour-of-heroes
[14~~~~
*** File '(Unnamed)'
/home/stud/0/1218170/public_html/angular-2018/angular-tour-of-heroes/.git/MERGE_MSG
* Startup Log *
* Shell 2 *
* Startup Log *
* Shell 3 *
* Startup Log *
* Shell 4 *
* Startup Log *
* Shell 2 *
* Startup Log *
* Shell 3 *
* Startup Log *
* Shell 3 *
/home/stud/0/1218170/public_html/angular-2018/angular-tour-of-heroes/src/
/home/stud/0/1218170/public_html/angular-2018/angular-tour-of-heroes/src/app/
/home/stud/0/1218170/public_html/angular-2018/angular-tour-of-heroes/src/
/home/stud/0/1218170/public_html/angular-2018/angular-tour-of-heroes/
* Build Log *

*** These modified files were found in JOE when it aborted on Mon Feb  5 20:53:19 2018
*** JOE was aborted because the terminal closed

*** File '(Unnamed)'
/home/stud/0/1218170/public_html/angular-2018/angular-tour-of-heroes/.git/MERGE_MSG

*** File '* Startup Log *'
Processing '/etc/joe/editorrc'...
Processing '/etc/joe/ftyperc'...
Finished processing /etc/joe/ftyperc
Finished processing /etc/joe/editorrc

*** These modified files were found in JOE when it aborted on Mon Feb  5 21:29:35 2018
*** JOE was aborted by UNIX signal 1

*** File '(Unnamed)'
/home/stud/0/1218170/public_html/angular-2018/angular-tour-of-heroes/.git/MERGE_MSG
* Startup Log *
* Shell 1 *

*** File '/home/stud/0/1218170/public_html/angular-2018/angular-tour-of-heroes/.git/MERGE_MSG'

*** File '* Startup Log *'
Processing '/etc/joe/editorrc'...
Processing '/etc/joe/ftyperc'...
Finished processing /etc/joe/ftyperc
Finished processing /etc/joe/editorrc

*** These modified files were found in JOE when it aborted on Mon Feb  5 21:29:35 2018
*** JOE was aborted by UNIX signal 1

*** File '(Unnamed)'
/home/stud/0/1218170/public_html/angular-2018/angular-tour-of-heroes/.git/MERGE_MSG
* Startup Log *
* Shell 1 *

*** File '/home/stud/0/1218170/public_html/angular-2018/angular-tour-of-heroes/.git/MERGE_MSG'

*** File '* Startup Log *'
Processing '/etc/joe/editorrc'...
Processing '/etc/joe/ftyperc'...
Finished processing /etc/joe/ftyperc
Finished processing /etc/joe/editorrc

*** These modified files were found in JOE when it aborted on Tue Feb  6 13:57:07 2018
*** JOE was aborted because the terminal closed

*** File '(Unnamed)'
/home/stud/0/1218170/public_html/angular-2018/angular-tour-of-heroes/.git/MERGE_MSG

*** File '/home/stud/0/1218170/public_html/angular-2018/angular-tour-of-heroes/.git/MERGE_MSG'


Merge branch 'master' of https://fsegitlab.wlv.ac.uk/1218170/angular-tour-of-heroes

# Please enter a commit message to explain why this merge is necessary,
# especially if it merges an updated upstream into a topic branch.
#
# Lines starting with '#' will be ignored, and an empty message aborts
# the commit.

*** File '* Startup Log *'
Processing '/etc/joe/editorrc'...
Processing '/etc/joe/ftyperc'...
Finished processing /etc/joe/ftyperc
Finished processing /etc/joe/editorrc

*** These modified files were found in JOE when it aborted on Tue Feb  6 14:18:54 2018
*** JOE was aborted because the terminal closed

*** File '(Unnamed)'
/home/stud/0/1218170/public_html/angular-2018/angular-tour-of-heroes/.git/COMMIT_EDITMSG

*** File '/home/stud/0/1218170/public_html/angular-2018/angular-tour-of-heroes/.git/COMMIT_EDITMSG'
# Please enter a commit message to explain why this merge is necessary,
# especially if it merges an updated upstream into a topic branch.
#
# Lines starting with '#' will be ignored, and an empty message aborts
# the commit.

# Please enter the commit message for your changes. Lines starting
# with '#' will be ignored, and an empty message aborts the commit.
# On branch master
# Your branch and 'origin/master' have diverged,
# and have 1 and 3 different commits each, respectively.
#   (use "git pull" to merge the remote branch into yours)
#
# Changes to be committed:
#	modified:   .angular-cli.json
#	modified:   .editorconfig
#	modified:   .gitignore
#	modified:   DEADJOE
#	modified:   README.md
#	modified:   e2e/app.e2e-spec.ts
#	modified:   e2e/app.po.ts
#	modified:   e2e/tsconfig.e2e.json
#	modified:   karma.conf.js
#	modified:   package.json
#	modified:   protractor.conf.js
#	modified:   src/app/app.component.css
#	modified:   src/app/app.component.html
#	modified:   src/app/app.component.spec.ts
#	modified:   src/app/app.component.ts
#	modified:   src/app/app.module.ts
#	modified:   src/assets/.gitkeep
#	modified:   src/environments/environment.prod.ts
#	modified:   src/environments/environment.ts
#	modified:   src/favicon.ico
#	modified:   src/index.html
#	modified:   src/main.ts
#	modified:   src/polyfills.ts
#	modified:   src/styles.css
#	modified:   src/test.ts
#	modified:   src/tsconfig.app.json
#	modified:   src/tsconfig.spec.json
#	modified:   src/typings.d.ts
#	modified:   tsconfig.json
#	modified:   tslint.json
#
i

:wq




*** File '* Startup Log *'
Processing '/etc/joe/editorrc'...
Processing '/etc/joe/ftyperc'...
Finished processing /etc/joe/ftyperc
Finished processing /etc/joe/editorrc

*** These modified files were found in JOE when it aborted on Tue Feb  6 14:20:02 2018
*** JOE was aborted because the terminal closed

*** File '(Unnamed)'
/home/stud/0/1218170/public_html/angular-2018/angular-tour-of-heroes/.git/MERGE_MSG

*** File '/home/stud/0/1218170/public_html/angular-2018/angular-tour-of-heroes/.git/MERGE_MSG'

Merge branch 'master' of https://fsegitlab.wlv.ac.uk/1218170/angular-tour-of-heroes

# Please enter a commit message to explain why this merge is necessary,
# especially if it merges an updated upstream into a topic branch.
#
# Lines starting with '#' will be ignored, and an empty message aborts
# the commit.

quit

*** File '* Startup Log *'
Processing '/etc/joe/editorrc'...
Processing '/etc/joe/ftyperc'...
Finished processing /etc/joe/ftyperc
Finished processing /etc/joe/editorrc

*** These modified files were found in JOE when it aborted on Tue Feb  6 14:24:53 2018
*** JOE was aborted because the terminal closed

*** File '* Grep Log *'
/bin/sh: 3: Syntax error: ")" unexpected
quit
git add .

*** File '(Unnamed)'
/home/stud/0/1218170/public_html/angular-2018/angular-tour-of-heroes/.git/COMMIT_EDITMSG
* Grep Log *

*** File '/home/stud/0/1218170/public_html/angular-2018/angular-tour-of-heroes/.git/COMMIT_EDITMSG'
Merge branch 'master' of https://fsegitlab.wlv.ac.uk/1218170/angular-tour-of-heroes

# Please enter a commit message to explain why this merge is necessary,
# especially if it merges an updated upstream into a topic branch.
#
# Lines starting with '#' will be ignored, and an empty message aborts
# the commit.

# Please enter the commit message for your changes. Lines starting
# with '#' will be ignored, and an empty message aborts the commit.
# On branch master
# Your branch and 'origin/master' have diverged,
# and have 1 and 3 different commits each, respectively.
#   (use "git pull" to merge the remote branch into yours)
#
# Changes to be committed:
#	modified:   .angular-cli.json
#	modified:   .editorconfig
#	modified:   .gitignore
#	modified:   DEADJOE
#	modified:   README.md
#	modified:   e2e/app.e2e-spec.ts
#	modified:   e2e/app.po.ts
#	modified:   e2e/tsconfig.e2e.json
#	modified:   karma.conf.js
#	modified:   package.json
#	modified:   protractor.conf.js
#	modified:   src/app/app.component.css
#	modified:   src/app/app.component.html
#	modified:   src/app/app.component.spec.ts
#	modified:   src/app/app.component.ts
#	modified:   src/app/app.module.ts
#	modified:   src/assets/.gitkeep
#	modified:   src/environments/environment.prod.ts
#	modified:   src/environments/environment.ts
#	modified:   src/favicon.ico
#	modified:   src/index.html
#	modified:   src/main.ts
#	modified:   src/polyfills.ts
#	modified:   src/styles.css
#	modified:   src/test.ts
#	modified:   src/tsconfig.app.json
#	modified:   src/tsconfig.spec.json
#	modified:   src/typings.d.ts
#	modified:   tsconfig.json
#	modified:   tslint.json
#
:wq

*** File '* Startup Log *'
Processing '/etc/joe/editorrc'...
Processing '/etc/joe/ftyperc'...
Finished processing /etc/joe/ftyperc
Finished processing /etc/joe/editorrc
